main.c:98:5:main	48	static
main.c:180:6:SystemClock_Config	136	static
main.c:233:13:MX_ADC1_Init	24	static
main.c:283:13:MX_CRC_Init	8	static
main.c:309:13:MX_DAC_Init	16	static
main.c:347:13:MX_DMA2D_Init	8	static
main.c:384:13:MX_I2C3_Init	8	static
main.c:430:13:MX_LTDC_Init	112	static
main.c:511:13:MX_SPI5_Init	8	static
main.c:549:13:MX_TIM1_Init	32	static
main.c:595:13:MX_USART1_UART_Init	8	static
main.c:624:13:MX_FMC_Init	40	static
main.c:675:13:MX_GPIO_Init	64	static
main.c:766:6:StartDefaultTask	16	static
main.c:787:6:HAL_TIM_PeriodElapsedCallback	16	static
main.c:804:6:Error_Handler	4	static
