main.c:100:5:main	48	static
main.c:183:6:SystemClock_Config	136	static
main.c:236:13:MX_ADC1_Init	24	static
main.c:286:13:MX_CRC_Init	8	static
main.c:312:13:MX_DAC_Init	16	static
main.c:350:13:MX_DMA2D_Init	8	static
main.c:387:13:MX_I2C3_Init	8	static
main.c:433:13:MX_LTDC_Init	112	static
main.c:514:13:MX_SPI5_Init	8	static
main.c:552:13:MX_TIM1_Init	32	static
main.c:598:13:MX_USART1_UART_Init	8	static
main.c:629:13:MX_DMA_Init	16	static
main.c:643:13:MX_FMC_Init	40	static
main.c:694:13:MX_GPIO_Init	64	static
main.c:785:6:StartDefaultTask	16	static
main.c:806:6:HAL_TIM_PeriodElapsedCallback	16	static
main.c:823:6:Error_Handler	4	static
