stm32f4xx_hal_msp.c:65:6:HAL_MspInit	16	static
stm32f4xx_hal_msp.c:89:6:HAL_ADC_MspInit	48	static
stm32f4xx_hal_msp.c:144:6:HAL_ADC_MspDeInit	16	static
stm32f4xx_hal_msp.c:177:6:HAL_CRC_MspInit	24	static
stm32f4xx_hal_msp.c:199:6:HAL_CRC_MspDeInit	16	static
stm32f4xx_hal_msp.c:221:6:HAL_DAC_MspInit	48	static
stm32f4xx_hal_msp.c:257:6:HAL_DAC_MspDeInit	16	static
stm32f4xx_hal_msp.c:287:6:HAL_DMA2D_MspInit	24	static
stm32f4xx_hal_msp.c:312:6:HAL_DMA2D_MspDeInit	16	static
stm32f4xx_hal_msp.c:337:6:HAL_I2C_MspInit	48	static
stm32f4xx_hal_msp.c:381:6:HAL_I2C_MspDeInit	16	static
stm32f4xx_hal_msp.c:412:6:HAL_LTDC_MspInit	64	static
stm32f4xx_hal_msp.c:523:6:HAL_LTDC_MspDeInit	16	static
stm32f4xx_hal_msp.c:585:6:HAL_SPI_MspInit	48	static
stm32f4xx_hal_msp.c:622:6:HAL_SPI_MspDeInit	16	static
stm32f4xx_hal_msp.c:652:6:HAL_TIM_Base_MspInit	24	static
stm32f4xx_hal_msp.c:674:6:HAL_TIM_Base_MspDeInit	16	static
stm32f4xx_hal_msp.c:696:6:HAL_UART_MspInit	48	static
stm32f4xx_hal_msp.c:732:6:HAL_UART_MspDeInit	16	static
stm32f4xx_hal_msp.c:757:13:HAL_FMC_MspInit	32	static
stm32f4xx_hal_msp.c:863:6:HAL_SDRAM_MspInit	16	static
stm32f4xx_hal_msp.c:875:13:HAL_FMC_MspDeInit	8	static
stm32f4xx_hal_msp.c:949:6:HAL_SDRAM_MspDeInit	16	static
