stm32f4xx_hal_msp.c:64:6:HAL_MspInit	16	static
stm32f4xx_hal_msp.c:88:6:HAL_ADC_MspInit	48	static
stm32f4xx_hal_msp.c:121:6:HAL_ADC_MspDeInit	16	static
stm32f4xx_hal_msp.c:149:6:HAL_CRC_MspInit	24	static
stm32f4xx_hal_msp.c:171:6:HAL_CRC_MspDeInit	16	static
stm32f4xx_hal_msp.c:193:6:HAL_DAC_MspInit	48	static
stm32f4xx_hal_msp.c:229:6:HAL_DAC_MspDeInit	16	static
stm32f4xx_hal_msp.c:259:6:HAL_DMA2D_MspInit	24	static
stm32f4xx_hal_msp.c:284:6:HAL_DMA2D_MspDeInit	16	static
stm32f4xx_hal_msp.c:309:6:HAL_I2C_MspInit	48	static
stm32f4xx_hal_msp.c:353:6:HAL_I2C_MspDeInit	16	static
stm32f4xx_hal_msp.c:384:6:HAL_LTDC_MspInit	64	static
stm32f4xx_hal_msp.c:495:6:HAL_LTDC_MspDeInit	16	static
stm32f4xx_hal_msp.c:557:6:HAL_SPI_MspInit	48	static
stm32f4xx_hal_msp.c:594:6:HAL_SPI_MspDeInit	16	static
stm32f4xx_hal_msp.c:624:6:HAL_TIM_Base_MspInit	24	static
stm32f4xx_hal_msp.c:646:6:HAL_TIM_Base_MspDeInit	16	static
stm32f4xx_hal_msp.c:668:6:HAL_UART_MspInit	48	static
stm32f4xx_hal_msp.c:704:6:HAL_UART_MspDeInit	16	static
stm32f4xx_hal_msp.c:729:13:HAL_FMC_MspInit	32	static
stm32f4xx_hal_msp.c:835:6:HAL_SDRAM_MspInit	16	static
stm32f4xx_hal_msp.c:847:13:HAL_FMC_MspDeInit	8	static
stm32f4xx_hal_msp.c:921:6:HAL_SDRAM_MspDeInit	16	static
