Archive member included to satisfy reference by file (symbol)

c:/st/stm32cubeide_1.4.0/stm32cubeide/plugins/com.st.stm32cube.ide.mcu.externaltools.gnu-tools-for-stm32.7-2018-q2-update.win32_1.4.0.202007081208/tools/bin/../lib/gcc/arm-none-eabi/7.3.1/../../../../arm-none-eabi/lib/thumb/v7e-m/fpv4-sp/hard\libc_nano.a(lib_a-errno.o)
                              Core/Src/syscalls.o (__errno)
c:/st/stm32cubeide_1.4.0/stm32cubeide/plugins/com.st.stm32cube.ide.mcu.externaltools.gnu-tools-for-stm32.7-2018-q2-update.win32_1.4.0.202007081208/tools/bin/../lib/gcc/arm-none-eabi/7.3.1/../../../../arm-none-eabi/lib/thumb/v7e-m/fpv4-sp/hard\libc_nano.a(lib_a-exit.o)
                              c:/st/stm32cubeide_1.4.0/stm32cubeide/plugins/com.st.stm32cube.ide.mcu.externaltools.gnu-tools-for-stm32.7-2018-q2-update.win32_1.4.0.202007081208/tools/bin/../lib/gcc/arm-none-eabi/7.3.1/../../../../arm-none-eabi/lib/thumb/v7e-m/fpv4-sp/hard/crt0.o (exit)
c:/st/stm32cubeide_1.4.0/stm32cubeide/plugins/com.st.stm32cube.ide.mcu.externaltools.gnu-tools-for-stm32.7-2018-q2-update.win32_1.4.0.202007081208/tools/bin/../lib/gcc/arm-none-eabi/7.3.1/../../../../arm-none-eabi/lib/thumb/v7e-m/fpv4-sp/hard\libc_nano.a(lib_a-impure.o)
                              c:/st/stm32cubeide_1.4.0/stm32cubeide/plugins/com.st.stm32cube.ide.mcu.externaltools.gnu-tools-for-stm32.7-2018-q2-update.win32_1.4.0.202007081208/tools/bin/../lib/gcc/arm-none-eabi/7.3.1/../../../../arm-none-eabi/lib/thumb/v7e-m/fpv4-sp/hard\libc_nano.a(lib_a-exit.o) (_global_impure_ptr)
c:/st/stm32cubeide_1.4.0/stm32cubeide/plugins/com.st.stm32cube.ide.mcu.externaltools.gnu-tools-for-stm32.7-2018-q2-update.win32_1.4.0.202007081208/tools/bin/../lib/gcc/arm-none-eabi/7.3.1/../../../../arm-none-eabi/lib/thumb/v7e-m/fpv4-sp/hard\libc_nano.a(lib_a-init.o)
                              c:/st/stm32cubeide_1.4.0/stm32cubeide/plugins/com.st.stm32cube.ide.mcu.externaltools.gnu-tools-for-stm32.7-2018-q2-update.win32_1.4.0.202007081208/tools/bin/../lib/gcc/arm-none-eabi/7.3.1/../../../../arm-none-eabi/lib/thumb/v7e-m/fpv4-sp/hard/crt0.o (__libc_init_array)
c:/st/stm32cubeide_1.4.0/stm32cubeide/plugins/com.st.stm32cube.ide.mcu.externaltools.gnu-tools-for-stm32.7-2018-q2-update.win32_1.4.0.202007081208/tools/bin/../lib/gcc/arm-none-eabi/7.3.1/../../../../arm-none-eabi/lib/thumb/v7e-m/fpv4-sp/hard\libc_nano.a(lib_a-malloc.o)
                              Middlewares/ST/STM32_USB_Host_Library/Class/CDC/Src/usbh_cdc.o (malloc)
c:/st/stm32cubeide_1.4.0/stm32cubeide/plugins/com.st.stm32cube.ide.mcu.externaltools.gnu-tools-for-stm32.7-2018-q2-update.win32_1.4.0.202007081208/tools/bin/../lib/gcc/arm-none-eabi/7.3.1/../../../../arm-none-eabi/lib/thumb/v7e-m/fpv4-sp/hard\libc_nano.a(lib_a-memcpy-stub.o)
                              Middlewares/Third_Party/FreeRTOS/Source/queue.o (memcpy)
c:/st/stm32cubeide_1.4.0/stm32cubeide/plugins/com.st.stm32cube.ide.mcu.externaltools.gnu-tools-for-stm32.7-2018-q2-update.win32_1.4.0.202007081208/tools/bin/../lib/gcc/arm-none-eabi/7.3.1/../../../../arm-none-eabi/lib/thumb/v7e-m/fpv4-sp/hard\libc_nano.a(lib_a-memset.o)
                              c:/st/stm32cubeide_1.4.0/stm32cubeide/plugins/com.st.stm32cube.ide.mcu.externaltools.gnu-tools-for-stm32.7-2018-q2-update.win32_1.4.0.202007081208/tools/bin/../lib/gcc/arm-none-eabi/7.3.1/../../../../arm-none-eabi/lib/thumb/v7e-m/fpv4-sp/hard/crt0.o (memset)
c:/st/stm32cubeide_1.4.0/stm32cubeide/plugins/com.st.stm32cube.ide.mcu.externaltools.gnu-tools-for-stm32.7-2018-q2-update.win32_1.4.0.202007081208/tools/bin/../lib/gcc/arm-none-eabi/7.3.1/../../../../arm-none-eabi/lib/thumb/v7e-m/fpv4-sp/hard\libc_nano.a(lib_a-nano-freer.o)
                              c:/st/stm32cubeide_1.4.0/stm32cubeide/plugins/com.st.stm32cube.ide.mcu.externaltools.gnu-tools-for-stm32.7-2018-q2-update.win32_1.4.0.202007081208/tools/bin/../lib/gcc/arm-none-eabi/7.3.1/../../../../arm-none-eabi/lib/thumb/v7e-m/fpv4-sp/hard\libc_nano.a(lib_a-malloc.o) (_free_r)
c:/st/stm32cubeide_1.4.0/stm32cubeide/plugins/com.st.stm32cube.ide.mcu.externaltools.gnu-tools-for-stm32.7-2018-q2-update.win32_1.4.0.202007081208/tools/bin/../lib/gcc/arm-none-eabi/7.3.1/../../../../arm-none-eabi/lib/thumb/v7e-m/fpv4-sp/hard\libc_nano.a(lib_a-nano-mallocr.o)
                              c:/st/stm32cubeide_1.4.0/stm32cubeide/plugins/com.st.stm32cube.ide.mcu.externaltools.gnu-tools-for-stm32.7-2018-q2-update.win32_1.4.0.202007081208/tools/bin/../lib/gcc/arm-none-eabi/7.3.1/../../../../arm-none-eabi/lib/thumb/v7e-m/fpv4-sp/hard\libc_nano.a(lib_a-malloc.o) (_malloc_r)
c:/st/stm32cubeide_1.4.0/stm32cubeide/plugins/com.st.stm32cube.ide.mcu.externaltools.gnu-tools-for-stm32.7-2018-q2-update.win32_1.4.0.202007081208/tools/bin/../lib/gcc/arm-none-eabi/7.3.1/../../../../arm-none-eabi/lib/thumb/v7e-m/fpv4-sp/hard\libc_nano.a(lib_a-sbrkr.o)
[...]
Memory Configuration

Name             Origin             Length             Attributes
CCMRAM           0x0000000010000000 0x0000000000010000 xrw
RAM              0x0000000020000000 0x0000000000030000 xrw
FLASH            0x0000000008000000 0x0000000000200000 xr
*default*        0x0000000000000000 0xffffffffffffffff

Linker script and memory map

LOAD c:/st/stm32cubeide_1.4.0/stm32cubeide/plugins/com.st.stm32cube.ide.mcu.externaltools.gnu-tools-for-stm32.7-2018-q2-update.win32_1.4.0.202007081208/tools/bin/../lib/gcc/arm-none-eabi/7.3.1/thumb/v7e-m/fpv4-sp/hard/crti.o
LOAD c:/st/stm32cubeide_1.4.0/stm32cubeide/plugins/com.st.stm32cube.ide.mcu.externaltools.gnu-tools-for-stm32.7-2018-q2-update.win32_1.4.0.202007081208/tools/bin/../lib/gcc/arm-none-eabi/7.3.1/thumb/v7e-m/fpv4-sp/hard/crtbegin.o
LOAD c:/st/stm32cubeide_1.4.0/stm32cubeide/plugins/com.st.stm32cube.ide.mcu.externaltools.gnu-tools-for-stm32.7-2018-q2-update.win32_1.4.0.202007081208/tools/bin/../lib/gcc/arm-none-eabi/7.3.1/../../../../arm-none-eabi/lib/thumb/v7e-m/fpv4-sp/hard/crt0.o
LOAD Core/Src/freertos.o
LOAD Core/Src/main.o
LOAD Core/Src/stm32f4xx_hal_msp.o
LOAD Core/Src/stm32f4xx_hal_timebase_tim.o
LOAD Core/Src/stm32f4xx_it.o
LOAD Core/Src/syscalls.o
LOAD Core/Src/sysmem.o
LOAD Core/Src/system_stm32f4xx.o
LOAD Core/Startup/startup_stm32f429zitx.o
LOAD Drivers/STM32F4xx_HAL_Driver/Src/stm32f4xx_hal.o
LOAD Drivers/STM32F4xx_HAL_Driver/Src/stm32f4xx_hal_adc.o
LOAD Drivers/STM32F4xx_HAL_Driver/Src/stm32f4xx_hal_adc_ex.o
LOAD Drivers/STM32F4xx_HAL_Driver/Src/stm32f4xx_hal_cortex.o
LOAD Drivers/STM32F4xx_HAL_Driver/Src/stm32f4xx_hal_crc.o
LOAD Drivers/STM32F4xx_HAL_Driver/Src/stm32f4xx_hal_dac.o
LOAD Drivers/STM32F4xx_HAL_Driver/Src/stm32f4xx_hal_dac_ex.o
LOAD Drivers/STM32F4xx_HAL_Driver/Src/stm32f4xx_hal_dma.o
LOAD Drivers/STM32F4xx_HAL_Driver/Src/stm32f4xx_hal_dma2d.o
LOAD Drivers/STM32F4xx_HAL_Driver/Src/stm32f4xx_hal_dma_ex.o
LOAD Drivers/STM32F4xx_HAL_Driver/Src/stm32f4xx_hal_dsi.o
LOAD Drivers/STM32F4xx_HAL_Driver/Src/stm32f4xx_hal_exti.o
LOAD Drivers/STM32F4xx_HAL_Driver/Src/stm32f4xx_hal_flash.o
LOAD Drivers/STM32F4xx_HAL_Driver/Src/stm32f4xx_hal_flash_ex.o
LOAD Drivers/STM32F4xx_HAL_Driver/Src/stm32f4xx_hal_flash_ramfunc.o
LOAD Drivers/STM32F4xx_HAL_Driver/Src/stm32f4xx_hal_gpio.o
LOAD Drivers/STM32F4xx_HAL_Driver/Src/stm32f4xx_hal_hcd.o
LOAD Drivers/STM32F4xx_HAL_Driver/Src/stm32f4xx_hal_i2c.o
LOAD Drivers/STM32F4xx_HAL_Driver/Src/stm32f4xx_hal_i2c_ex.o
LOAD Drivers/STM32F4xx_HAL_Driver/Src/stm32f4xx_hal_ltdc.o
LOAD Drivers/STM32F4xx_HAL_Driver/Src/stm32f4xx_hal_ltdc_ex.o
LOAD Drivers/STM32F4xx_HAL_Driver/Src/stm32f4xx_hal_pwr.o
LOAD Drivers/STM32F4xx_HAL_Driver/Src/stm32f4xx_hal_pwr_ex.o
LOAD Drivers/STM32F4xx_HAL_Driver/Src/stm32f4xx_hal_rcc.o
LOAD Drivers/STM32F4xx_HAL_Driver/Src/stm32f4xx_hal_rcc_ex.o
LOAD Drivers/STM32F4xx_HAL_Driver/Src/stm32f4xx_hal_sdram.o
LOAD Drivers/STM32F4xx_HAL_Driver/Src/stm32f4xx_hal_spi.o
LOAD Drivers/STM32F4xx_HAL_Driver/Src/stm32f4xx_hal_tim.o
LOAD Drivers/STM32F4xx_HAL_Driver/Src/stm32f4xx_hal_tim_ex.o
LOAD Drivers/STM32F4xx_HAL_Driver/Src/stm32f4xx_hal_uart.o
LOAD Drivers/STM32F4xx_HAL_Driver/Src/stm32f4xx_ll_fmc.o
LOAD Drivers/STM32F4xx_HAL_Driver/Src/stm32f4xx_ll_usb.o
LOAD Middlewares/ST/STM32_USB_Host_Library/Class/CDC/Src/usbh_cdc.o
LOAD Middlewares/ST/STM32_USB_Host_Library/Core/Src/usbh_core.o
LOAD Middlewares/ST/STM32_USB_Host_Library/Core/Src/usbh_ctlreq.o
LOAD Middlewares/ST/STM32_USB_Host_Library/Core/Src/usbh_ioreq.o
LOAD Middlewares/ST/STM32_USB_Host_Library/Core/Src/usbh_pipes.o
LOAD Middlewares/Third_Party/FreeRTOS/Source/CMSIS_RTOS/cmsis_os.o
LOAD Middlewares/Third_Party/FreeRTOS/Source/croutine.o
LOAD Middlewares/Third_Party/FreeRTOS/Source/event_groups.o
LOAD Middlewares/Third_Party/FreeRTOS/Source/list.o
LOAD Middlewares/Third_Party/FreeRTOS/Source/queue.o
LOAD Middlewares/Third_Party/FreeRTOS/Source/stream_buffer.o
LOAD Middlewares/Third_Party/FreeRTOS/Source/tasks.o
LOAD Middlewares/Third_Party/FreeRTOS/Source/timers.o
LOAD Middlewares/Third_Party/FreeRTOS/Source/portable/GCC/ARM_CM4F/port.o
LOAD Middlewares/Third_Party/FreeRTOS/Source/portable/MemMang/heap_4.o
LOAD USB_HOST/App/usb_host.o
LOAD USB_HOST/Target/usbh_conf.o
LOAD USB_HOST/Target/usbh_platform.o
START GROUP
LOAD c:/st/stm32cubeide_1.4.0/stm32cubeide/plugins/com.st.stm32cube.ide.mcu.externaltools.gnu-tools-for-stm32.7-2018-q2-update.win32_1.4.0.202007081208/tools/bin/../lib/gcc/arm-none-eabi/7.3.1/../../../../arm-none-eabi/lib/thumb/v7e-m/fpv4-sp/hard\libc_nano.a
LOAD c:/st/stm32cubeide_1.4.0/stm32cubeide/plugins/com.st.stm32cube.ide.mcu.externaltools.gnu-tools-for-stm32.7-2018-q2-update.win32_1.4.0.202007081208/tools/bin/../lib/gcc/arm-none-eabi/7.3.1/../../../../arm-none-eabi/lib/thumb/v7e-m/fpv4-sp/hard\libm.a
END GROUP
START GROUP
LOAD c:/st/stm32cubeide_1.4.0/stm32cubeide/plugins/com.st.stm32cube.ide.mcu.externaltools.gnu-tools-for-stm32.7-2018-q2-update.win32_1.4.0.202007081208/tools/bin/../lib/gcc/arm-none-eabi/7.3.1/thumb/v7e-m/fpv4-sp/hard\libgcc.a
LOAD c:/st/stm32cubeide_1.4.0/stm32cubeide/plugins/com.st.stm32cube.ide.mcu.externaltools.gnu-tools-for-stm32.7-2018-q2-update.win32_1.4.0.202007081208/tools/bin/../lib/gcc/arm-none-eabi/7.3.1/../../../../arm-none-eabi/lib/thumb/v7e-m/fpv4-sp/hard\libc_nano.a
END GROUP
START GROUP
LOAD c:/st/stm32cubeide_1.4.0/stm32cubeide/plugins/com.st.stm32cube.ide.mcu.externaltools.gnu-tools-for-stm32.7-2018-q2-update.win32_1.4.0.202007081208/tools/bin/../lib/gcc/arm-none-eabi/7.3.1/thumb/v7e-m/fpv4-sp/hard\libgcc.a
LOAD c:/st/stm32cubeide_1.4.0/stm32cubeide/plugins/com.st.stm32cube.ide.mcu.externaltools.gnu-tools-for-stm32.7-2018-q2-update.win32_1.4.0.202007081208/tools/bin/../lib/gcc/arm-none-eabi/7.3.1/../../../../arm-none-eabi/lib/thumb/v7e-m/fpv4-sp/hard\libc_nano.a
LOAD c:/st/stm32cubeide_1.4.0/stm32cubeide/plugins/com.st.stm32cube.ide.mcu.externaltools.gnu-tools-for-stm32.7-2018-q2-update.win32_1.4.0.202007081208/tools/bin/../lib/gcc/arm-none-eabi/7.3.1/../../../../arm-none-eabi/lib/thumb/v7e-m/fpv4-sp/hard\libnosys.a
END GROUP
START GROUP
LOAD c:/st/stm32cubeide_1.4.0/stm32cubeide/plugins/com.st.stm32cube.ide.mcu.externaltools.gnu-tools-for-stm32.7-2018-q2-update.win32_1.4.0.202007081208/tools/bin/../lib/gcc/arm-none-eabi/7.3.1/thumb/v7e-m/fpv4-sp/hard\libgcc.a
LOAD c:/st/stm32cubeide_1.4.0/stm32cubeide/plugins/com.st.stm32cube.ide.mcu.externaltools.gnu-tools-for-stm32.7-2018-q2-update.win32_1.4.0.202007081208/tools/bin/../lib/gcc/arm-none-eabi/7.3.1/../../../../arm-none-eabi/lib/thumb/v7e-m/fpv4-sp/hard\libc_nano.a
LOAD c:/st/stm32cubeide_1.4.0/stm32cubeide/plugins/com.st.stm32cube.ide.mcu.externaltools.gnu-tools-for-stm32.7-2018-q2-update.win32_1.4.0.202007081208/tools/bin/../lib/gcc/arm-none-eabi/7.3.1/../../../../arm-none-eabi/lib/thumb/v7e-m/fpv4-sp/hard\libnosys.a
END GROUP
LOAD c:/st/stm32cubeide_1.4.0/stm32cubeide/plugins/com.st.stm32cube.ide.mcu.externaltools.gnu-tools-for-stm32.7-2018-q2-update.win32_1.4.0.202007081208/tools/bin/../lib/gcc/arm-none-eabi/7.3.1/thumb/v7e-m/fpv4-sp/hard/crtend.o
LOAD c:/st/stm32cubeide_1.4.0/stm32cubeide/plugins/com.st.stm32cube.ide.mcu.externaltools.gnu-tools-for-stm32.7-2018-q2-update.win32_1.4.0.202007081208/tools/bin/../lib/gcc/arm-none-eabi/7.3.1/thumb/v7e-m/fpv4-sp/hard/crtn.o
                0x0000000020030000                _estack = (ORIGIN (RAM) + LENGTH (RAM))
                0x0000000000000200                _Min_Heap_Size = 0x200
                0x0000000000000400                _Min_Stack_Size = 0x400

.isr_vector     0x0000000008000000      0x1ac
                0x0000000008000000                . = ALIGN (0x4)
 *(.isr_vector)
 .isr_vector    0x0000000008000000      0x1ac Core/Startup/startup_stm32f429zitx.o
                0x0000000008000000                g_pfnVectors
                0x00000000080001ac                . = ALIGN (0x4)

.text           0x00000000080001b0     0xd0ec
                0x00000000080001b0                . = ALIGN (0x4)
 *(.text)
 .text          0x00000000080001b0       0x40 c:/st/stm32cubeide_1.4.0/stm32cubeide/plugins/com.st.stm32cube.ide.mcu.externaltools.gnu-tools-for-stm32.7-2018-q2-update.win32_1.4.0.202007081208/tools/bin/../lib/gcc/arm-none-eabi/7.3.1/thumb/v7e-m/fpv4-sp/hard/crtbegin.o
 .text          0x00000000080001f0       0x30 c:/st/stm32cubeide_1.4.0/stm32cubeide/plugins/com.st.stm32cube.ide.mcu.externaltools.gnu-tools-for-stm32.7-2018-q2-update.win32_1.4.0.202007081208/tools/bin/../lib/gcc/arm-none-eabi/7.3.1/thumb/v7e-m/fpv4-sp/hard\libgcc.a(_aeabi_uldivmod.o)
                0x00000000080001f0                __aeabi_uldivmod
 .text          0x0000000008000220      0x2cc c:/st/stm32cubeide_1.4.0/stm32cubeide/plugins/com.st.stm32cube.ide.mcu.externaltools.gnu-tools-for-stm32.7-2018-q2-update.win32_1.4.0.202007081208/tools/bin/../lib/gcc/arm-none-eabi/7.3.1/thumb/v7e-m/fpv4-sp/hard\libgcc.a(_udivmoddi4.o)
                0x0000000008000220                __udivmoddi4
 .text          0x00000000080004ec        0x4 c:/st/stm32cubeide_1.4.0/stm32cubeide/plugins/com.st.stm32cube.ide.mcu.externaltools.gnu-tools-for-stm32.7-2018-q2-update.win32_1.4.0.202007081208/tools/bin/../lib/gcc/arm-none-eabi/7.3.1/thumb/v7e-m/fpv4-sp/hard\libgcc.a(_dvmd_tls.o)
                0x00000000080004ec                __aeabi_idiv0
                0x00000000080004ec                __aeabi_ldiv0
 *(.text*)
 .text.vApplicationIdleHook
                0x00000000080004f0        0xe Core/Src/freertos.o
                0x00000000080004f0                vApplicationIdleHook
 .text.vApplicationStackOverflowHook
                0x00000000080004fe       0x16 Core/Src/freertos.o
                0x00000000080004fe                vApplicationStackOverflowHook
 .text.vApplicationMallocFailedHook
                0x0000000008000514        0xe Core/Src/freertos.o
                0x0000000008000514                vApplicationMallocFailedHook
 *fill*         0x0000000008000522        0x2 
 .text.vApplicationGetIdleTaskMemory
                0x0000000008000524       0x34 Core/Src/freertos.o
                0x0000000008000524                vApplicationGetIdleTaskMemory
 .text.main     0x0000000008000558       0x70 Core/Src/main.o
                0x0000000008000558                main
 .text.SystemClock_Config
                0x00000000080005c8      0x108 Core/Src/main.o
                0x00000000080005c8                SystemClock_Config
 .text.MX_ADC1_Init
                0x00000000080006d0       0xa4 Core/Src/main.o
 .text.MX_CRC_Init
                0x0000000008000774       0x28 Core/Src/main.o
 .text.MX_DAC_Init
                0x000000000800079c       0x54 Core/Src/main.o
 .text.MX_DMA2D_Init
                0x00000000080007f0       0x64 Core/Src/main.o
 .text.MX_I2C3_Init
                0x0000000008000854       0x80 Core/Src/main.o
 .text.MX_LTDC_Init
                0x00000000080008d4      0x168 Core/Src/main.o
 .text.MX_SPI5_Init
                0x0000000008000a3c       0x6c Core/Src/main.o
 .text.MX_TIM1_Init
                0x0000000008000aa8       0xa0 Core/Src/main.o
 .text.MX_USART1_UART_Init
                0x0000000008000b48       0x54 Core/Src/main.o
 .text.MX_DMA_Init
                0x0000000008000b9c       0x40 Core/Src/main.o
 .text.MX_FMC_Init
                0x0000000008000bdc       0xa0 Core/Src/main.o
 .text.MX_GPIO_Init
                0x0000000008000c7c      0x220 Core/Src/main.o
 .text.StartDefaultTask
                0x0000000008000e9c       0x14 Core/Src/main.o
                0x0000000008000e9c                StartDefaultTask
 .text.HAL_TIM_PeriodElapsedCallback
                0x0000000008000eb0       0x24 Core/Src/main.o
                0x0000000008000eb0                HAL_TIM_PeriodElapsedCallback
 .text.Error_Handler
                0x0000000008000ed4        0xe Core/Src/main.o
                0x0000000008000ed4                Error_Handler
 *fill*         0x0000000008000ee2        0x2 
 .text.HAL_MspInit
                0x0000000008000ee4       0x58 Core/Src/stm32f4xx_hal_msp.o
                0x0000000008000ee4                HAL_MspInit
 .text.HAL_ADC_MspInit
                0x0000000008000f3c      0x100 Core/Src/stm32f4xx_hal_msp.o
                0x0000000008000f3c                HAL_ADC_MspInit
 .text.HAL_CRC_MspInit
                0x000000000800103c       0x44 Core/Src/stm32f4xx_hal_msp.o
                0x000000000800103c                HAL_CRC_MspInit
 .text.HAL_DAC_MspInit
                0x0000000008001080       0x98 Core/Src/stm32f4xx_hal_msp.o
                0x0000000008001080                HAL_DAC_MspInit
 .text.HAL_DMA2D_MspInit
                0x0000000008001118       0x50 Core/Src/stm32f4xx_hal_msp.o
                0x0000000008001118                HAL_DMA2D_MspInit
 .text.HAL_I2C_MspInit
                0x0000000008001168       0xd4 Core/Src/stm32f4xx_hal_msp.o
                0x0000000008001168                HAL_I2C_MspInit
 .text.HAL_LTDC_MspInit
                0x000000000800123c      0x21c Core/Src/stm32f4xx_hal_msp.o
                0x000000000800123c                HAL_LTDC_MspInit
 .text.HAL_SPI_MspInit
                0x0000000008001458       0x90 Core/Src/stm32f4xx_hal_msp.o
                0x0000000008001458                HAL_SPI_MspInit
 .text.HAL_TIM_Base_MspInit
                0x00000000080014e8       0x44 Core/Src/stm32f4xx_hal_msp.o
                0x00000000080014e8                HAL_TIM_Base_MspInit
 .text.HAL_UART_MspInit
                0x000000000800152c       0x90 Core/Src/stm32f4xx_hal_msp.o
                0x000000000800152c                HAL_UART_MspInit
 .text.HAL_FMC_MspInit
                0x00000000080015bc      0x124 Core/Src/stm32f4xx_hal_msp.o
 .text.HAL_SDRAM_MspInit
                0x00000000080016e0       0x14 Core/Src/stm32f4xx_hal_msp.o
                0x00000000080016e0                HAL_SDRAM_MspInit
 .text.HAL_InitTick
                0x00000000080016f4       0xb4 Core/Src/stm32f4xx_hal_timebase_tim.o
                0x00000000080016f4                HAL_InitTick
 .text.NMI_Handler
                0x00000000080017a8        0xe Core/Src/stm32f4xx_it.o
                0x00000000080017a8                NMI_Handler
 .text.HardFault_Handler
                0x00000000080017b6        0x6 Core/Src/stm32f4xx_it.o
                0x00000000080017b6                HardFault_Handler
 .text.MemManage_Handler
                0x00000000080017bc        0x6 Core/Src/stm32f4xx_it.o
                0x00000000080017bc                MemManage_Handler
 .text.BusFault_Handler
                0x00000000080017c2        0x6 Core/Src/stm32f4xx_it.o
                0x00000000080017c2                BusFault_Handler
 .text.UsageFault_Handler
                0x00000000080017c8        0x6 Core/Src/stm32f4xx_it.o
                0x00000000080017c8                UsageFault_Handler
 .text.DebugMon_Handler
                0x00000000080017ce        0xe Core/Src/stm32f4xx_it.o
                0x00000000080017ce                DebugMon_Handler
 .text.ADC_IRQHandler
                0x00000000080017dc       0x14 Core/Src/stm32f4xx_it.o
                0x00000000080017dc                ADC_IRQHandler
 .text.TIM6_DAC_IRQHandler
                0x00000000080017f0       0x1c Core/Src/stm32f4xx_it.o
                0x00000000080017f0                TIM6_DAC_IRQHandler
 .text.DMA2_Stream0_IRQHandler
                0x000000000800180c       0x14 Core/Src/stm32f4xx_it.o
                0x000000000800180c                DMA2_Stream0_IRQHandler
 .text.OTG_HS_IRQHandler
                0x0000000008001820       0x14 Core/Src/stm32f4xx_it.o
                0x0000000008001820                OTG_HS_IRQHandler
 .text.DMA2D_IRQHandler
                0x0000000008001834       0x14 Core/Src/stm32f4xx_it.o
                0x0000000008001834                DMA2D_IRQHandler
 .text._sbrk    0x0000000008001848       0x6c Core/Src/sysmem.o
                0x0000000008001848                _sbrk
 .text.SystemInit
                0x00000000080018b4       0x2c Core/Src/system_stm32f4xx.o
                0x00000000080018b4                SystemInit
 .text.Reset_Handler
                0x00000000080018e0       0x50 Core/Startup/startup_stm32f429zitx.o
                0x00000000080018e0                Reset_Handler
 .text.Default_Handler
                0x0000000008001930        0x2 Core/Startup/startup_stm32f429zitx.o
                0x0000000008001930                RTC_Alarm_IRQHandler
                0x0000000008001930                HASH_RNG_IRQHandler
                0x0000000008001930                EXTI2_IRQHandler
                0x0000000008001930                TIM8_CC_IRQHandler
                0x0000000008001930                UART8_IRQHandler
                0x0000000008001930                SPI4_IRQHandler
                0x0000000008001930                TIM1_CC_IRQHandler
                0x0000000008001930                DMA2_Stream5_IRQHandler
                0x0000000008001930                DMA1_Stream5_IRQHandler
                0x0000000008001930                PVD_IRQHandler
                0x0000000008001930                SDIO_IRQHandler
                0x0000000008001930                TAMP_STAMP_IRQHandler
                0x0000000008001930                CAN2_RX1_IRQHandler
                0x0000000008001930                EXTI3_IRQHandler
                0x0000000008001930                TIM8_TRG_COM_TIM14_IRQHandler
                0x0000000008001930                TIM1_UP_TIM10_IRQHandler
                0x0000000008001930                TIM8_UP_TIM13_IRQHandler
                0x0000000008001930                I2C3_ER_IRQHandler
                0x0000000008001930                EXTI0_IRQHandler
                0x0000000008001930                I2C2_EV_IRQHandler
                0x0000000008001930                DMA1_Stream2_IRQHandler
                0x0000000008001930                CAN1_RX0_IRQHandler
                0x0000000008001930                FPU_IRQHandler
                0x0000000008001930                OTG_HS_WKUP_IRQHandler
                0x0000000008001930                LTDC_ER_IRQHandler
                0x0000000008001930                CAN2_SCE_IRQHandler
                0x0000000008001930                DMA2_Stream2_IRQHandler
                0x0000000008001930                SPI1_IRQHandler
                0x0000000008001930                TIM1_BRK_TIM9_IRQHandler
                0x0000000008001930                DCMI_IRQHandler
                0x0000000008001930                CAN2_RX0_IRQHandler
                0x0000000008001930                DMA2_Stream3_IRQHandler
                0x0000000008001930                USART6_IRQHandler
                0x0000000008001930                USART3_IRQHandler
                0x0000000008001930                CAN1_RX1_IRQHandler
                0x0000000008001930                UART5_IRQHandler
                0x0000000008001930                TIM4_IRQHandler
                0x0000000008001930                I2C1_EV_IRQHandler
                0x0000000008001930                DMA1_Stream6_IRQHandler
                0x0000000008001930                DMA1_Stream1_IRQHandler
                0x0000000008001930                UART4_IRQHandler
                0x0000000008001930                TIM3_IRQHandler
                0x0000000008001930                RCC_IRQHandler
                0x0000000008001930                TIM8_BRK_TIM12_IRQHandler
                0x0000000008001930                Default_Handler
                0x0000000008001930                EXTI15_10_IRQHandler
                0x0000000008001930                DMA1_Stream7_IRQHandler
                0x0000000008001930                SPI5_IRQHandler
                0x0000000008001930                TIM7_IRQHandler
                0x0000000008001930                CAN2_TX_IRQHandler
                0x0000000008001930                TIM5_IRQHandler
                0x0000000008001930                DMA2_Stream7_IRQHandler
                0x0000000008001930                I2C3_EV_IRQHandler
                0x0000000008001930                EXTI9_5_IRQHandler
                0x0000000008001930                RTC_WKUP_IRQHandler
                0x0000000008001930                LTDC_IRQHandler
                0x0000000008001930                ETH_WKUP_IRQHandler
                0x0000000008001930                SPI2_IRQHandler
                0x0000000008001930                OTG_HS_EP1_IN_IRQHandler
                0x0000000008001930                DMA1_Stream0_IRQHandler
                0x0000000008001930                CAN1_TX_IRQHandler
                0x0000000008001930                EXTI4_IRQHandler
                0x0000000008001930                ETH_IRQHandler
                0x0000000008001930                OTG_HS_EP1_OUT_IRQHandler
                0x0000000008001930                WWDG_IRQHandler
                0x0000000008001930                SPI6_IRQHandler
                0x0000000008001930                TIM2_IRQHandler
                0x0000000008001930                OTG_FS_WKUP_IRQHandler
                0x0000000008001930                TIM1_TRG_COM_TIM11_IRQHandler
                0x0000000008001930                EXTI1_IRQHandler
                0x0000000008001930                UART7_IRQHandler
                0x0000000008001930                USART2_IRQHandler
                0x0000000008001930                I2C2_ER_IRQHandler
                0x0000000008001930                DMA2_Stream1_IRQHandler
                0x0000000008001930                CAN1_SCE_IRQHandler
                0x0000000008001930                FLASH_IRQHandler
                0x0000000008001930                DMA2_Stream4_IRQHandler
                0x0000000008001930                USART1_IRQHandler
                0x0000000008001930                OTG_FS_IRQHandler
                0x0000000008001930                SPI3_IRQHandler
                0x0000000008001930                DMA1_Stream4_IRQHandler
                0x0000000008001930                I2C1_ER_IRQHandler
                0x0000000008001930                FMC_IRQHandler
                0x0000000008001930                DMA2_Stream6_IRQHandler
                0x0000000008001930                SAI1_IRQHandler
                0x0000000008001930                DMA1_Stream3_IRQHandler
 *fill*         0x0000000008001932        0x2 
 .text.HAL_Init
                0x0000000008001934       0x44 Drivers/STM32F4xx_HAL_Driver/Src/stm32f4xx_hal.o
                0x0000000008001934                HAL_Init
 .text.HAL_IncTick
                0x0000000008001978       0x28 Drivers/STM32F4xx_HAL_Driver/Src/stm32f4xx_hal.o
                0x0000000008001978                HAL_IncTick
 .text.HAL_GetTick
                0x00000000080019a0       0x18 Drivers/STM32F4xx_HAL_Driver/Src/stm32f4xx_hal.o
                0x00000000080019a0                HAL_GetTick
 .text.HAL_Delay
                0x00000000080019b8       0x44 Drivers/STM32F4xx_HAL_Driver/Src/stm32f4xx_hal.o
                0x00000000080019b8                HAL_Delay
 .text.HAL_ADC_Init
                0x00000000080019fc       0x86 Drivers/STM32F4xx_HAL_Driver/Src/stm32f4xx_hal_adc.o
                0x00000000080019fc                HAL_ADC_Init
 .text.HAL_ADC_IRQHandler
                0x0000000008001a82      0x282 Drivers/STM32F4xx_HAL_Driver/Src/stm32f4xx_hal_adc.o
                0x0000000008001a82                HAL_ADC_IRQHandler
 .text.HAL_ADC_ConvCpltCallback
                0x0000000008001d04       0x14 Drivers/STM32F4xx_HAL_Driver/Src/stm32f4xx_hal_adc.o
                0x0000000008001d04                HAL_ADC_ConvCpltCallback
 .text.HAL_ADC_LevelOutOfWindowCallback
                0x0000000008001d18       0x14 Drivers/STM32F4xx_HAL_Driver/Src/stm32f4xx_hal_adc.o
                0x0000000008001d18                HAL_ADC_LevelOutOfWindowCallback
 .text.HAL_ADC_ErrorCallback
                0x0000000008001d2c       0x14 Drivers/STM32F4xx_HAL_Driver/Src/stm32f4xx_hal_adc.o
                0x0000000008001d2c                HAL_ADC_ErrorCallback
 .text.HAL_ADC_ConfigChannel
                0x0000000008001d40      0x264 Drivers/STM32F4xx_HAL_Driver/Src/stm32f4xx_hal_adc.o
                0x0000000008001d40                HAL_ADC_ConfigChannel
 .text.ADC_Init
                0x0000000008001fa4      0x1f8 Drivers/STM32F4xx_HAL_Driver/Src/stm32f4xx_hal_adc.o
 .text.HAL_ADCEx_InjectedConvCpltCallback
                0x000000000800219c       0x14 Drivers/STM32F4xx_HAL_Driver/Src/stm32f4xx_hal_adc_ex.o
                0x000000000800219c                HAL_ADCEx_InjectedConvCpltCallback
 .text.__NVIC_SetPriorityGrouping
                0x00000000080021b0       0x48 Drivers/STM32F4xx_HAL_Driver/Src/stm32f4xx_hal_cortex.o
 .text.__NVIC_GetPriorityGrouping
                0x00000000080021f8       0x1c Drivers/STM32F4xx_HAL_Driver/Src/stm32f4xx_hal_cortex.o
 .text.__NVIC_EnableIRQ
                0x0000000008002214       0x3c Drivers/STM32F4xx_HAL_Driver/Src/stm32f4xx_hal_cortex.o
 .text.__NVIC_SetPriority
                0x0000000008002250       0x54 Drivers/STM32F4xx_HAL_Driver/Src/stm32f4xx_hal_cortex.o
 .text.NVIC_EncodePriority
                0x00000000080022a4       0x66 Drivers/STM32F4xx_HAL_Driver/Src/stm32f4xx_hal_cortex.o
 .text.HAL_NVIC_SetPriorityGrouping
                0x000000000800230a       0x16 Drivers/STM32F4xx_HAL_Driver/Src/stm32f4xx_hal_cortex.o
                0x000000000800230a                HAL_NVIC_SetPriorityGrouping
 .text.HAL_NVIC_SetPriority
                0x0000000008002320       0x38 Drivers/STM32F4xx_HAL_Driver/Src/stm32f4xx_hal_cortex.o
                0x0000000008002320                HAL_NVIC_SetPriority
 .text.HAL_NVIC_EnableIRQ
                0x0000000008002358       0x1c Drivers/STM32F4xx_HAL_Driver/Src/stm32f4xx_hal_cortex.o
                0x0000000008002358                HAL_NVIC_EnableIRQ
 .text.HAL_CRC_Init
                0x0000000008002374       0x38 Drivers/STM32F4xx_HAL_Driver/Src/stm32f4xx_hal_crc.o
                0x0000000008002374                HAL_CRC_Init
 .text.HAL_DAC_Init
                0x00000000080023ac       0x44 Drivers/STM32F4xx_HAL_Driver/Src/stm32f4xx_hal_dac.o
                0x00000000080023ac                HAL_DAC_Init
 .text.HAL_DAC_IRQHandler
                0x00000000080023f0       0x94 Drivers/STM32F4xx_HAL_Driver/Src/stm32f4xx_hal_dac.o
                0x00000000080023f0                HAL_DAC_IRQHandler
 .text.HAL_DAC_DMAUnderrunCallbackCh1
                0x0000000008002484       0x14 Drivers/STM32F4xx_HAL_Driver/Src/stm32f4xx_hal_dac.o
                0x0000000008002484                HAL_DAC_DMAUnderrunCallbackCh1
 .text.HAL_DAC_ConfigChannel
                0x0000000008002498       0x9a Drivers/STM32F4xx_HAL_Driver/Src/stm32f4xx_hal_dac.o
                0x0000000008002498                HAL_DAC_ConfigChannel
 .text.HAL_DACEx_DMAUnderrunCallbackCh2
                0x0000000008002532       0x14 Drivers/STM32F4xx_HAL_Driver/Src/stm32f4xx_hal_dac_ex.o
                0x0000000008002532                HAL_DACEx_DMAUnderrunCallbackCh2
 *fill*         0x0000000008002546        0x2 
 .text.HAL_DMA_Init
                0x0000000008002548      0x15c Drivers/STM32F4xx_HAL_Driver/Src/stm32f4xx_hal_dma.o
                0x0000000008002548                HAL_DMA_Init
 .text.HAL_DMA_IRQHandler
                0x00000000080026a4      0x314 Drivers/STM32F4xx_HAL_Driver/Src/stm32f4xx_hal_dma.o
                0x00000000080026a4                HAL_DMA_IRQHandler
 .text.DMA_CalcBaseAndBitshift
                0x00000000080029b8       0x6c Drivers/STM32F4xx_HAL_Driver/Src/stm32f4xx_hal_dma.o
 .text.DMA_CheckFifoParam
                0x0000000008002a24       0xf4 Drivers/STM32F4xx_HAL_Driver/Src/stm32f4xx_hal_dma.o
 .text.HAL_DMA2D_Init
                0x0000000008002b18       0x92 Drivers/STM32F4xx_HAL_Driver/Src/stm32f4xx_hal_dma2d.o
                0x0000000008002b18                HAL_DMA2D_Init
 .text.HAL_DMA2D_IRQHandler
                0x0000000008002baa      0x1f8 Drivers/STM32F4xx_HAL_Driver/Src/stm32f4xx_hal_dma2d.o
                0x0000000008002baa                HAL_DMA2D_IRQHandler
 .text.HAL_DMA2D_LineEventCallback
                0x0000000008002da2       0x14 Drivers/STM32F4xx_HAL_Driver/Src/stm32f4xx_hal_dma2d.o
                0x0000000008002da2                HAL_DMA2D_LineEventCallback
 .text.HAL_DMA2D_CLUTLoadingCpltCallback
                0x0000000008002db6       0x14 Drivers/STM32F4xx_HAL_Driver/Src/stm32f4xx_hal_dma2d.o
                0x0000000008002db6                HAL_DMA2D_CLUTLoadingCpltCallback
 *fill*         0x0000000008002dca        0x2 
 .text.HAL_DMA2D_ConfigLayer
                0x0000000008002dcc      0x124 Drivers/STM32F4xx_HAL_Driver/Src/stm32f4xx_hal_dma2d.o
                0x0000000008002dcc                HAL_DMA2D_ConfigLayer
 .text.HAL_GPIO_Init
                0x0000000008002ef0      0x354 Drivers/STM32F4xx_HAL_Driver/Src/stm32f4xx_hal_gpio.o
                0x0000000008002ef0                HAL_GPIO_Init
 .text.HAL_GPIO_WritePin
                0x0000000008003244       0x32 Drivers/STM32F4xx_HAL_Driver/Src/stm32f4xx_hal_gpio.o
                0x0000000008003244                HAL_GPIO_WritePin
 .text.HAL_HCD_Init
                0x0000000008003276       0xc4 Drivers/STM32F4xx_HAL_Driver/Src/stm32f4xx_hal_hcd.o
                0x0000000008003276                HAL_HCD_Init
 .text.HAL_HCD_HC_Init
                0x000000000800333a      0x130 Drivers/STM32F4xx_HAL_Driver/Src/stm32f4xx_hal_hcd.o
                0x000000000800333a                HAL_HCD_HC_Init
 .text.HAL_HCD_HC_Halt
                0x000000000800346a       0x46 Drivers/STM32F4xx_HAL_Driver/Src/stm32f4xx_hal_hcd.o
                0x000000000800346a                HAL_HCD_HC_Halt
 .text.HAL_HCD_HC_SubmitRequest
                0x00000000080034b0      0x2e4 Drivers/STM32F4xx_HAL_Driver/Src/stm32f4xx_hal_hcd.o
                0x00000000080034b0                HAL_HCD_HC_SubmitRequest
 .text.HAL_HCD_IRQHandler
                0x0000000008003794      0x208 Drivers/STM32F4xx_HAL_Driver/Src/stm32f4xx_hal_hcd.o
                0x0000000008003794                HAL_HCD_IRQHandler
 .text.HAL_HCD_Start
                0x000000000800399c       0x46 Drivers/STM32F4xx_HAL_Driver/Src/stm32f4xx_hal_hcd.o
                0x000000000800399c                HAL_HCD_Start
 .text.HAL_HCD_Stop
                0x00000000080039e2       0x3a Drivers/STM32F4xx_HAL_Driver/Src/stm32f4xx_hal_hcd.o
                0x00000000080039e2                HAL_HCD_Stop
 .text.HAL_HCD_ResetPort
                0x0000000008003a1c       0x1c Drivers/STM32F4xx_HAL_Driver/Src/stm32f4xx_hal_hcd.o
                0x0000000008003a1c                HAL_HCD_ResetPort
 .text.HAL_HCD_HC_GetURBState
                0x0000000008003a38       0x2a Drivers/STM32F4xx_HAL_Driver/Src/stm32f4xx_hal_hcd.o
                0x0000000008003a38                HAL_HCD_HC_GetURBState
 .text.HAL_HCD_HC_GetXferCount
                0x0000000008003a62       0x2a Drivers/STM32F4xx_HAL_Driver/Src/stm32f4xx_hal_hcd.o
                0x0000000008003a62                HAL_HCD_HC_GetXferCount
 .text.HAL_HCD_GetCurrentFrame
                0x0000000008003a8c       0x1c Drivers/STM32F4xx_HAL_Driver/Src/stm32f4xx_hal_hcd.o
                0x0000000008003a8c                HAL_HCD_GetCurrentFrame
 .text.HAL_HCD_GetCurrentSpeed
                0x0000000008003aa8       0x1c Drivers/STM32F4xx_HAL_Driver/Src/stm32f4xx_hal_hcd.o
                0x0000000008003aa8                HAL_HCD_GetCurrentSpeed
 .text.HCD_HC_IN_IRQHandler
                0x0000000008003ac4      0x86a Drivers/STM32F4xx_HAL_Driver/Src/stm32f4xx_hal_hcd.o
 .text.HCD_HC_OUT_IRQHandler
                0x000000000800432e      0x6ea Drivers/STM32F4xx_HAL_Driver/Src/stm32f4xx_hal_hcd.o
 .text.HCD_RXQLVL_IRQHandler
                0x0000000008004a18      0x158 Drivers/STM32F4xx_HAL_Driver/Src/stm32f4xx_hal_hcd.o
 .text.HCD_Port_IRQHandler
                0x0000000008004b70       0xe6 Drivers/STM32F4xx_HAL_Driver/Src/stm32f4xx_hal_hcd.o
 *fill*         0x0000000008004c56        0x2 
 .text.HAL_I2C_Init
                0x0000000008004c58      0x270 Drivers/STM32F4xx_HAL_Driver/Src/stm32f4xx_hal_i2c.o
                0x0000000008004c58                HAL_I2C_Init
 .text.HAL_I2CEx_ConfigAnalogFilter
                0x0000000008004ec8       0x78 Drivers/STM32F4xx_HAL_Driver/Src/stm32f4xx_hal_i2c_ex.o
                0x0000000008004ec8                HAL_I2CEx_ConfigAnalogFilter
 .text.HAL_I2CEx_ConfigDigitalFilter
                0x0000000008004f40       0x7e Drivers/STM32F4xx_HAL_Driver/Src/stm32f4xx_hal_i2c_ex.o
                0x0000000008004f40                HAL_I2CEx_ConfigDigitalFilter
 *fill*         0x0000000008004fbe        0x2 
 .text.HAL_LTDC_Init
                0x0000000008004fc0      0x1a0 Drivers/STM32F4xx_HAL_Driver/Src/stm32f4xx_hal_ltdc.o
                0x0000000008004fc0                HAL_LTDC_Init
 .text.HAL_LTDC_ConfigLayer
                0x0000000008005160       0x7c Drivers/STM32F4xx_HAL_Driver/Src/stm32f4xx_hal_ltdc.o
                0x0000000008005160                HAL_LTDC_ConfigLayer
 .text.LTDC_SetConfig
                0x00000000080051dc      0x32e Drivers/STM32F4xx_HAL_Driver/Src/stm32f4xx_hal_ltdc.o
 *fill*         0x000000000800550a        0x2 
 .text.HAL_RCC_OscConfig
                0x000000000800550c      0x4e0 Drivers/STM32F4xx_HAL_Driver/Src/stm32f4xx_hal_rcc.o
                0x000000000800550c                HAL_RCC_OscConfig
 .text.HAL_RCC_ClockConfig
                0x00000000080059ec      0x1cc Drivers/STM32F4xx_HAL_Driver/Src/stm32f4xx_hal_rcc.o
                0x00000000080059ec                HAL_RCC_ClockConfig
 .text.HAL_RCC_GetSysClockFreq
                0x0000000008005bb8      0x1b0 Drivers/STM32F4xx_HAL_Driver/Src/stm32f4xx_hal_rcc.o
                0x0000000008005bb8                HAL_RCC_GetSysClockFreq
 .text.HAL_RCC_GetHCLKFreq
                0x0000000008005d68       0x18 Drivers/STM32F4xx_HAL_Driver/Src/stm32f4xx_hal_rcc.o
                0x0000000008005d68                HAL_RCC_GetHCLKFreq
 .text.HAL_RCC_GetPCLK1Freq
                0x0000000008005d80       0x28 Drivers/STM32F4xx_HAL_Driver/Src/stm32f4xx_hal_rcc.o
                0x0000000008005d80                HAL_RCC_GetPCLK1Freq
 .text.HAL_RCC_GetPCLK2Freq
                0x0000000008005da8       0x28 Drivers/STM32F4xx_HAL_Driver/Src/stm32f4xx_hal_rcc.o
                0x0000000008005da8                HAL_RCC_GetPCLK2Freq
 .text.HAL_RCC_GetClockConfig
                0x0000000008005dd0       0x64 Drivers/STM32F4xx_HAL_Driver/Src/stm32f4xx_hal_rcc.o
                0x0000000008005dd0                HAL_RCC_GetClockConfig
 .text.HAL_RCCEx_PeriphCLKConfig
                0x0000000008005e34      0x37c Drivers/STM32F4xx_HAL_Driver/Src/stm32f4xx_hal_rcc_ex.o
                0x0000000008005e34                HAL_RCCEx_PeriphCLKConfig
 .text.HAL_SDRAM_Init
                0x00000000080061b0       0x68 Drivers/STM32F4xx_HAL_Driver/Src/stm32f4xx_hal_sdram.o
                0x00000000080061b0                HAL_SDRAM_Init
 .text.HAL_SPI_Init
                0x0000000008006218       0xc8 Drivers/STM32F4xx_HAL_Driver/Src/stm32f4xx_hal_spi.o
                0x0000000008006218                HAL_SPI_Init
 .text.HAL_TIM_Base_Init
                0x00000000080062e0       0x56 Drivers/STM32F4xx_HAL_Driver/Src/stm32f4xx_hal_tim.o
                0x00000000080062e0                HAL_TIM_Base_Init
 .text.HAL_TIM_Base_Start_IT
                0x0000000008006336       0x48 Drivers/STM32F4xx_HAL_Driver/Src/stm32f4xx_hal_tim.o
                0x0000000008006336                HAL_TIM_Base_Start_IT
 .text.HAL_TIM_IRQHandler
                0x000000000800637e      0x210 Drivers/STM32F4xx_HAL_Driver/Src/stm32f4xx_hal_tim.o
                0x000000000800637e                HAL_TIM_IRQHandler
 .text.HAL_TIM_ConfigClockSource
                0x000000000800658e      0x16e Drivers/STM32F4xx_HAL_Driver/Src/stm32f4xx_hal_tim.o
                0x000000000800658e                HAL_TIM_ConfigClockSource
 .text.HAL_TIM_OC_DelayElapsedCallback
                0x00000000080066fc       0x14 Drivers/STM32F4xx_HAL_Driver/Src/stm32f4xx_hal_tim.o
                0x00000000080066fc                HAL_TIM_OC_DelayElapsedCallback
 .text.HAL_TIM_IC_CaptureCallback
                0x0000000008006710       0x14 Drivers/STM32F4xx_HAL_Driver/Src/stm32f4xx_hal_tim.o
                0x0000000008006710                HAL_TIM_IC_CaptureCallback
 .text.HAL_TIM_PWM_PulseFinishedCallback
                0x0000000008006724       0x14 Drivers/STM32F4xx_HAL_Driver/Src/stm32f4xx_hal_tim.o
                0x0000000008006724                HAL_TIM_PWM_PulseFinishedCallback
 .text.HAL_TIM_TriggerCallback
                0x0000000008006738       0x14 Drivers/STM32F4xx_HAL_Driver/Src/stm32f4xx_hal_tim.o
                0x0000000008006738                HAL_TIM_TriggerCallback
 .text.TIM_Base_SetConfig
                0x000000000800674c      0x140 Drivers/STM32F4xx_HAL_Driver/Src/stm32f4xx_hal_tim.o
                0x000000000800674c                TIM_Base_SetConfig
 .text.TIM_TI1_ConfigInputStage
                0x000000000800688c       0x5e Drivers/STM32F4xx_HAL_Driver/Src/stm32f4xx_hal_tim.o
 .text.TIM_TI2_ConfigInputStage
                0x00000000080068ea       0x60 Drivers/STM32F4xx_HAL_Driver/Src/stm32f4xx_hal_tim.o
 .text.TIM_ITRx_SetConfig
                0x000000000800694a       0x36 Drivers/STM32F4xx_HAL_Driver/Src/stm32f4xx_hal_tim.o
 .text.TIM_ETR_SetConfig
                0x0000000008006980       0x40 Drivers/STM32F4xx_HAL_Driver/Src/stm32f4xx_hal_tim.o
                0x0000000008006980                TIM_ETR_SetConfig
 .text.HAL_TIMEx_MasterConfigSynchronization
                0x00000000080069c0       0xf8 Drivers/STM32F4xx_HAL_Driver/Src/stm32f4xx_hal_tim_ex.o
                0x00000000080069c0                HAL_TIMEx_MasterConfigSynchronization
 .text.HAL_TIMEx_CommutCallback
                0x0000000008006ab8       0x14 Drivers/STM32F4xx_HAL_Driver/Src/stm32f4xx_hal_tim_ex.o
                0x0000000008006ab8                HAL_TIMEx_CommutCallback
 .text.HAL_TIMEx_BreakCallback
                0x0000000008006acc       0x14 Drivers/STM32F4xx_HAL_Driver/Src/stm32f4xx_hal_tim_ex.o
                0x0000000008006acc                HAL_TIMEx_BreakCallback
 .text.HAL_UART_Init
                0x0000000008006ae0       0x9a Drivers/STM32F4xx_HAL_Driver/Src/stm32f4xx_hal_uart.o
                0x0000000008006ae0                HAL_UART_Init
 *fill*         0x0000000008006b7a        0x2 
 .text.UART_SetConfig
                0x0000000008006b7c      0x6f8 Drivers/STM32F4xx_HAL_Driver/Src/stm32f4xx_hal_uart.o
 .text.FMC_SDRAM_Init
                0x0000000008007274       0xe6 Drivers/STM32F4xx_HAL_Driver/Src/stm32f4xx_ll_fmc.o
                0x0000000008007274                FMC_SDRAM_Init
 .text.FMC_SDRAM_Timing_Init
                0x000000000800735a       0xfe Drivers/STM32F4xx_HAL_Driver/Src/stm32f4xx_ll_fmc.o
                0x000000000800735a                FMC_SDRAM_Timing_Init
 .text.USB_CoreInit
                0x0000000008007458       0xc2 Drivers/STM32F4xx_HAL_Driver/Src/stm32f4xx_ll_usb.o
                0x0000000008007458                USB_CoreInit
 .text.USB_EnableGlobalInt
                0x000000000800751a       0x22 Drivers/STM32F4xx_HAL_Driver/Src/stm32f4xx_ll_usb.o
                0x000000000800751a                USB_EnableGlobalInt
 .text.USB_DisableGlobalInt
                0x000000000800753c       0x22 Drivers/STM32F4xx_HAL_Driver/Src/stm32f4xx_ll_usb.o
                0x000000000800753c                USB_DisableGlobalInt
 .text.USB_SetCurrentMode
                0x000000000800755e       0x54 Drivers/STM32F4xx_HAL_Driver/Src/stm32f4xx_ll_usb.o
                0x000000000800755e                USB_SetCurrentMode
 *fill*         0x00000000080075b2        0x2 
 .text.USB_FlushTxFifo
                0x00000000080075b4       0x4c Drivers/STM32F4xx_HAL_Driver/Src/stm32f4xx_ll_usb.o
                0x00000000080075b4                USB_FlushTxFifo
 .text.USB_FlushRxFifo
                0x0000000008007600       0x44 Drivers/STM32F4xx_HAL_Driver/Src/stm32f4xx_ll_usb.o
                0x0000000008007600                USB_FlushRxFifo
 .text.USB_WritePacket
                0x0000000008007644       0x6a Drivers/STM32F4xx_HAL_Driver/Src/stm32f4xx_ll_usb.o
                0x0000000008007644                USB_WritePacket
 .text.USB_ReadPacket
                0x00000000080076ae       0x52 Drivers/STM32F4xx_HAL_Driver/Src/stm32f4xx_ll_usb.o
                0x00000000080076ae                USB_ReadPacket
 .text.USB_ReadInterrupts
                0x0000000008007700       0x26 Drivers/STM32F4xx_HAL_Driver/Src/stm32f4xx_ll_usb.o
                0x0000000008007700                USB_ReadInterrupts
 .text.USB_GetMode
                0x0000000008007726       0x1c Drivers/STM32F4xx_HAL_Driver/Src/stm32f4xx_ll_usb.o
                0x0000000008007726                USB_GetMode
 *fill*         0x0000000008007742        0x2 
 .text.USB_CoreReset
                0x0000000008007744       0x68 Drivers/STM32F4xx_HAL_Driver/Src/stm32f4xx_ll_usb.o
 .text.USB_HostInit
                0x00000000080077ac      0x178 Drivers/STM32F4xx_HAL_Driver/Src/stm32f4xx_ll_usb.o
                0x00000000080077ac                USB_HostInit
 .text.USB_InitFSLSPClkSel
                0x0000000008007924       0x74 Drivers/STM32F4xx_HAL_Driver/Src/stm32f4xx_ll_usb.o
                0x0000000008007924                USB_InitFSLSPClkSel
 .text.USB_ResetPort
                0x0000000008007998       0x54 Drivers/STM32F4xx_HAL_Driver/Src/stm32f4xx_ll_usb.o
                0x0000000008007998                USB_ResetPort
 .text.USB_DriveVbus
                0x00000000080079ec       0x72 Drivers/STM32F4xx_HAL_Driver/Src/stm32f4xx_ll_usb.o
                0x00000000080079ec                USB_DriveVbus
 .text.USB_GetHostSpeed
                0x0000000008007a5e       0x2e Drivers/STM32F4xx_HAL_Driver/Src/stm32f4xx_ll_usb.o
                0x0000000008007a5e                USB_GetHostSpeed
 .text.USB_GetCurrentFrame
                0x0000000008007a8c       0x22 Drivers/STM32F4xx_HAL_Driver/Src/stm32f4xx_ll_usb.o
                0x0000000008007a8c                USB_GetCurrentFrame
 *fill*         0x0000000008007aae        0x2 
 .text.USB_HC_Init
                0x0000000008007ab0      0x214 Drivers/STM32F4xx_HAL_Driver/Src/stm32f4xx_ll_usb.o
                0x0000000008007ab0                USB_HC_Init
 .text.USB_HC_StartXfer
                0x0000000008007cc4      0x28c Drivers/STM32F4xx_HAL_Driver/Src/stm32f4xx_ll_usb.o
                0x0000000008007cc4                USB_HC_StartXfer
 .text.USB_HC_ReadInterrupt
                0x0000000008007f50       0x22 Drivers/STM32F4xx_HAL_Driver/Src/stm32f4xx_ll_usb.o
                0x0000000008007f50                USB_HC_ReadInterrupt
 .text.USB_HC_Halt
                0x0000000008007f72      0x1fe Drivers/STM32F4xx_HAL_Driver/Src/stm32f4xx_ll_usb.o
                0x0000000008007f72                USB_HC_Halt
 .text.USB_DoPing
                0x0000000008008170       0x78 Drivers/STM32F4xx_HAL_Driver/Src/stm32f4xx_ll_usb.o
                0x0000000008008170                USB_DoPing
 .text.USB_StopHost
                0x00000000080081e8      0x10c Drivers/STM32F4xx_HAL_Driver/Src/stm32f4xx_ll_usb.o
                0x00000000080081e8                USB_StopHost
 .text.USBH_CDC_InterfaceInit
                0x00000000080082f4      0x2ac Middlewares/ST/STM32_USB_Host_Library/Class/CDC/Src/usbh_cdc.o
 .text.USBH_CDC_InterfaceDeInit
                0x00000000080085a0       0xb2 Middlewares/ST/STM32_USB_Host_Library/Class/CDC/Src/usbh_cdc.o
 .text.USBH_CDC_ClassRequest
                0x0000000008008652       0x3e Middlewares/ST/STM32_USB_Host_Library/Class/CDC/Src/usbh_cdc.o
 .text.USBH_CDC_Process
                0x0000000008008690      0x12c Middlewares/ST/STM32_USB_Host_Library/Class/CDC/Src/usbh_cdc.o
 .text.USBH_CDC_SOFProcess
                0x00000000080087bc       0x16 Middlewares/ST/STM32_USB_Host_Library/Class/CDC/Src/usbh_cdc.o
 .text.GetLineCoding
                0x00000000080087d2       0x3e Middlewares/ST/STM32_USB_Host_Library/Class/CDC/Src/usbh_cdc.o
 .text.SetLineCoding
                0x0000000008008810       0x3e Middlewares/ST/STM32_USB_Host_Library/Class/CDC/Src/usbh_cdc.o
 .text.CDC_ProcessTransmission
                0x000000000800884e      0x128 Middlewares/ST/STM32_USB_Host_Library/Class/CDC/Src/usbh_cdc.o
 .text.CDC_ProcessReception
                0x0000000008008976       0xd2 Middlewares/ST/STM32_USB_Host_Library/Class/CDC/Src/usbh_cdc.o
 .text.USBH_CDC_TransmitCallback
                0x0000000008008a48       0x14 Middlewares/ST/STM32_USB_Host_Library/Class/CDC/Src/usbh_cdc.o
                0x0000000008008a48                USBH_CDC_TransmitCallback
 .text.USBH_CDC_ReceiveCallback
                0x0000000008008a5c       0x14 Middlewares/ST/STM32_USB_Host_Library/Class/CDC/Src/usbh_cdc.o
                0x0000000008008a5c                USBH_CDC_ReceiveCallback
 .text.USBH_CDC_LineCodingChanged
                0x0000000008008a70       0x14 Middlewares/ST/STM32_USB_Host_Library/Class/CDC/Src/usbh_cdc.o
                0x0000000008008a70                USBH_CDC_LineCodingChanged
 .text.USBH_Init
                0x0000000008008a84       0xc4 Middlewares/ST/STM32_USB_Host_Library/Core/Src/usbh_core.o
                0x0000000008008a84                USBH_Init
 .text.DeInitStateMachine
                0x0000000008008b48       0xa8 Middlewares/ST/STM32_USB_Host_Library/Core/Src/usbh_core.o
 .text.USBH_RegisterClass
                0x0000000008008bf0       0x54 Middlewares/ST/STM32_USB_Host_Library/Core/Src/usbh_core.o
                0x0000000008008bf0                USBH_RegisterClass
 .text.USBH_SelectInterface
                0x0000000008008c44       0x38 Middlewares/ST/STM32_USB_Host_Library/Core/Src/usbh_core.o
                0x0000000008008c44                USBH_SelectInterface
 .text.USBH_FindInterface
                0x0000000008008c7c       0x8c Middlewares/ST/STM32_USB_Host_Library/Core/Src/usbh_core.o
                0x0000000008008c7c                USBH_FindInterface
 .text.USBH_Start
                0x0000000008008d08       0x20 Middlewares/ST/STM32_USB_Host_Library/Core/Src/usbh_core.o
                0x0000000008008d08                USBH_Start
 .text.USBH_Process
                0x0000000008008d28      0x4c4 Middlewares/ST/STM32_USB_Host_Library/Core/Src/usbh_core.o
                0x0000000008008d28                USBH_Process
 .text.USBH_HandleEnum
                0x00000000080091ec      0x458 Middlewares/ST/STM32_USB_Host_Library/Core/Src/usbh_core.o
 .text.USBH_LL_SetTimer
                0x0000000008009644       0x1e Middlewares/ST/STM32_USB_Host_Library/Core/Src/usbh_core.o
                0x0000000008009644                USBH_LL_SetTimer
 .text.USBH_LL_IncTimer
                0x0000000008009662       0x24 Middlewares/ST/STM32_USB_Host_Library/Core/Src/usbh_core.o
                0x0000000008009662                USBH_LL_IncTimer
 .text.USBH_HandleSof
                0x0000000008009686       0x30 Middlewares/ST/STM32_USB_Host_Library/Core/Src/usbh_core.o
 .text.USBH_LL_PortEnabled
                0x00000000080096b6       0x34 Middlewares/ST/STM32_USB_Host_Library/Core/Src/usbh_core.o
                0x00000000080096b6                USBH_LL_PortEnabled
 .text.USBH_LL_PortDisabled
                0x00000000080096ea       0x1c Middlewares/ST/STM32_USB_Host_Library/Core/Src/usbh_core.o
                0x00000000080096ea                USBH_LL_PortDisabled
 .text.USBH_LL_Connect
                0x0000000008009706       0x46 Middlewares/ST/STM32_USB_Host_Library/Core/Src/usbh_core.o
                0x0000000008009706                USBH_LL_Connect
 .text.USBH_LL_Disconnect
                0x000000000800974c       0x64 Middlewares/ST/STM32_USB_Host_Library/Core/Src/usbh_core.o
                0x000000000800974c                USBH_LL_Disconnect
 .text.USBH_Process_OS
                0x00000000080097b0       0x2a Middlewares/ST/STM32_USB_Host_Library/Core/Src/usbh_core.o
 .text.USBH_LL_NotifyURBChange
                0x00000000080097da       0x2e Middlewares/ST/STM32_USB_Host_Library/Core/Src/usbh_core.o
                0x00000000080097da                USBH_LL_NotifyURBChange
 .text.USBH_Get_DevDesc
                0x0000000008009808       0x50 Middlewares/ST/STM32_USB_Host_Library/Core/Src/usbh_ctlreq.o
                0x0000000008009808                USBH_Get_DevDesc
 .text.USBH_Get_CfgDesc
                0x0000000008009858       0x48 Middlewares/ST/STM32_USB_Host_Library/Core/Src/usbh_ctlreq.o
                0x0000000008009858                USBH_Get_CfgDesc
 .text.USBH_Get_StringDesc
                0x00000000080098a0       0x56 Middlewares/ST/STM32_USB_Host_Library/Core/Src/usbh_ctlreq.o
                0x00000000080098a0                USBH_Get_StringDesc
 .text.USBH_GetDescriptor
                0x00000000080098f6       0x6a Middlewares/ST/STM32_USB_Host_Library/Core/Src/usbh_ctlreq.o
                0x00000000080098f6                USBH_GetDescriptor
 .text.USBH_SetAddress
                0x0000000008009960       0x48 Middlewares/ST/STM32_USB_Host_Library/Core/Src/usbh_ctlreq.o
                0x0000000008009960                USBH_SetAddress
 .text.USBH_SetCfg
                0x00000000080099a8       0x46 Middlewares/ST/STM32_USB_Host_Library/Core/Src/usbh_ctlreq.o
                0x00000000080099a8                USBH_SetCfg
 .text.USBH_SetFeature
                0x00000000080099ee       0x48 Middlewares/ST/STM32_USB_Host_Library/Core/Src/usbh_ctlreq.o
                0x00000000080099ee                USBH_SetFeature
 .text.USBH_ClrFeature
                0x0000000008009a36       0x48 Middlewares/ST/STM32_USB_Host_Library/Core/Src/usbh_ctlreq.o
                0x0000000008009a36                USBH_ClrFeature
 .text.USBH_ParseDevDesc
                0x0000000008009a7e       0xe0 Middlewares/ST/STM32_USB_Host_Library/Core/Src/usbh_ctlreq.o
 .text.USBH_ParseCfgDesc
                0x0000000008009b5e      0x144 Middlewares/ST/STM32_USB_Host_Library/Core/Src/usbh_ctlreq.o
 .text.USBH_ParseInterfaceDesc
                0x0000000008009ca2       0x5e Middlewares/ST/STM32_USB_Host_Library/Core/Src/usbh_ctlreq.o
 .text.USBH_ParseEPDesc
                0x0000000008009d00       0x5a Middlewares/ST/STM32_USB_Host_Library/Core/Src/usbh_ctlreq.o
 .text.USBH_ParseStringDesc
                0x0000000008009d5a       0x66 Middlewares/ST/STM32_USB_Host_Library/Core/Src/usbh_ctlreq.o
 .text.USBH_GetNextDesc
                0x0000000008009dc0       0x36 Middlewares/ST/STM32_USB_Host_Library/Core/Src/usbh_ctlreq.o
                0x0000000008009dc0                USBH_GetNextDesc
 .text.USBH_CtlReq
                0x0000000008009df6       0xb2 Middlewares/ST/STM32_USB_Host_Library/Core/Src/usbh_ctlreq.o
                0x0000000008009df6                USBH_CtlReq
 .text.USBH_HandleControl
                0x0000000008009ea8      0x494 Middlewares/ST/STM32_USB_Host_Library/Core/Src/usbh_ctlreq.o
 .text.USBH_CtlSendSetup
                0x000000000800a33c       0x34 Middlewares/ST/STM32_USB_Host_Library/Core/Src/usbh_ioreq.o
                0x000000000800a33c                USBH_CtlSendSetup
 .text.USBH_CtlSendData
                0x000000000800a370       0x4a Middlewares/ST/STM32_USB_Host_Library/Core/Src/usbh_ioreq.o
                0x000000000800a370                USBH_CtlSendData
 .text.USBH_CtlReceiveData
                0x000000000800a3ba       0x3c Middlewares/ST/STM32_USB_Host_Library/Core/Src/usbh_ioreq.o
                0x000000000800a3ba                USBH_CtlReceiveData
 .text.USBH_BulkSendData
                0x000000000800a3f6       0x4a Middlewares/ST/STM32_USB_Host_Library/Core/Src/usbh_ioreq.o
                0x000000000800a3f6                USBH_BulkSendData
 .text.USBH_BulkReceiveData
                0x000000000800a440       0x3c Middlewares/ST/STM32_USB_Host_Library/Core/Src/usbh_ioreq.o
                0x000000000800a440                USBH_BulkReceiveData
 .text.USBH_OpenPipe
                0x000000000800a47c       0x3e Middlewares/ST/STM32_USB_Host_Library/Core/Src/usbh_pipes.o
                0x000000000800a47c                USBH_OpenPipe
 .text.USBH_ClosePipe
                0x000000000800a4ba       0x20 Middlewares/ST/STM32_USB_Host_Library/Core/Src/usbh_pipes.o
                0x000000000800a4ba                USBH_ClosePipe
 .text.USBH_AllocPipe
                0x000000000800a4da       0x42 Middlewares/ST/STM32_USB_Host_Library/Core/Src/usbh_pipes.o
                0x000000000800a4da                USBH_AllocPipe
 .text.USBH_FreePipe
                0x000000000800a51c       0x3c Middlewares/ST/STM32_USB_Host_Library/Core/Src/usbh_pipes.o
                0x000000000800a51c                USBH_FreePipe
 .text.USBH_GetFreePipe
                0x000000000800a558       0x48 Middlewares/ST/STM32_USB_Host_Library/Core/Src/usbh_pipes.o
 .text.makeFreeRtosPriority
                0x000000000800a5a0       0x30 Middlewares/Third_Party/FreeRTOS/Source/CMSIS_RTOS/cmsis_os.o
 .text.inHandlerMode
                0x000000000800a5d0       0x24 Middlewares/Third_Party/FreeRTOS/Source/CMSIS_RTOS/cmsis_os.o
 .text.osKernelStart
                0x000000000800a5f4        0xe Middlewares/Third_Party/FreeRTOS/Source/CMSIS_RTOS/cmsis_os.o
                0x000000000800a5f4                osKernelStart
 .text.osThreadCreate
                0x000000000800a602       0x98 Middlewares/Third_Party/FreeRTOS/Source/CMSIS_RTOS/cmsis_os.o
                0x000000000800a602                osThreadCreate
 .text.osDelay  0x000000000800a69a       0x28 Middlewares/Third_Party/FreeRTOS/Source/CMSIS_RTOS/cmsis_os.o
                0x000000000800a69a                osDelay
 .text.osMessageCreate
                0x000000000800a6c2       0x52 Middlewares/Third_Party/FreeRTOS/Source/CMSIS_RTOS/cmsis_os.o
                0x000000000800a6c2                osMessageCreate
 .text.osMessagePut
                0x000000000800a714       0x80 Middlewares/Third_Party/FreeRTOS/Source/CMSIS_RTOS/cmsis_os.o
                0x000000000800a714                osMessagePut
 .text.osMessageGet
                0x000000000800a794       0xe8 Middlewares/Third_Party/FreeRTOS/Source/CMSIS_RTOS/cmsis_os.o
                0x000000000800a794                osMessageGet
 .text.vListInitialise
                0x000000000800a87c       0x40 Middlewares/Third_Party/FreeRTOS/Source/list.o
                0x000000000800a87c                vListInitialise
 .text.vListInitialiseItem
                0x000000000800a8bc       0x1a Middlewares/Third_Party/FreeRTOS/Source/list.o
                0x000000000800a8bc                vListInitialiseItem
 .text.vListInsertEnd
                0x000000000800a8d6       0x48 Middlewares/Third_Party/FreeRTOS/Source/list.o
                0x000000000800a8d6                vListInsertEnd
 .text.vListInsert
                0x000000000800a91e       0x72 Middlewares/Third_Party/FreeRTOS/Source/list.o
                0x000000000800a91e                vListInsert
 .text.uxListRemove
                0x000000000800a990       0x54 Middlewares/Third_Party/FreeRTOS/Source/list.o
                0x000000000800a990                uxListRemove
 .text.xQueueGenericReset
                0x000000000800a9e4       0xd0 Middlewares/Third_Party/FreeRTOS/Source/queue.o
                0x000000000800a9e4                xQueueGenericReset
 .text.xQueueGenericCreateStatic
                0x000000000800aab4       0xe6 Middlewares/Third_Party/FreeRTOS/Source/queue.o
                0x000000000800aab4                xQueueGenericCreateStatic
 .text.xQueueGenericCreate
                0x000000000800ab9a       0x7e Middlewares/Third_Party/FreeRTOS/Source/queue.o
                0x000000000800ab9a                xQueueGenericCreate
 .text.prvInitialiseNewQueue
                0x000000000800ac18       0x3e Middlewares/Third_Party/FreeRTOS/Source/queue.o
 *fill*         0x000000000800ac56        0x2 
 .text.xQueueGenericSend
                0x000000000800ac58      0x1f4 Middlewares/Third_Party/FreeRTOS/Source/queue.o
                0x000000000800ac58                xQueueGenericSend
 .text.xQueueGenericSendFromISR
                0x000000000800ae4c      0x128 Middlewares/Third_Party/FreeRTOS/Source/queue.o
                0x000000000800ae4c                xQueueGenericSendFromISR
 .text.xQueueReceive
                0x000000000800af74      0x1b8 Middlewares/Third_Party/FreeRTOS/Source/queue.o
                0x000000000800af74                xQueueReceive
 .text.xQueueReceiveFromISR
                0x000000000800b12c       0xfa Middlewares/Third_Party/FreeRTOS/Source/queue.o
                0x000000000800b12c                xQueueReceiveFromISR
 .text.prvCopyDataToQueue
                0x000000000800b226       0xd4 Middlewares/Third_Party/FreeRTOS/Source/queue.o
 .text.prvCopyDataFromQueue
                0x000000000800b2fa       0x4c Middlewares/Third_Party/FreeRTOS/Source/queue.o
 .text.prvUnlockQueue
                0x000000000800b346       0xa4 Middlewares/Third_Party/FreeRTOS/Source/queue.o
 .text.prvIsQueueEmpty
                0x000000000800b3ea       0x2c Middlewares/Third_Party/FreeRTOS/Source/queue.o
 .text.prvIsQueueFull
                0x000000000800b416       0x30 Middlewares/Third_Party/FreeRTOS/Source/queue.o
 .text.xTaskCreateStatic
                0x000000000800b446       0xb4 Middlewares/Third_Party/FreeRTOS/Source/tasks.o
                0x000000000800b446                xTaskCreateStatic
 .text.xTaskCreate
                0x000000000800b4fa       0x8a Middlewares/Third_Party/FreeRTOS/Source/tasks.o
                0x000000000800b4fa                xTaskCreate
 .text.prvInitialiseNewTask
                0x000000000800b584      0x122 Middlewares/Third_Party/FreeRTOS/Source/tasks.o
 *fill*         0x000000000800b6a6        0x2 
 .text.prvAddNewTaskToReadyList
                0x000000000800b6a8       0xd4 Middlewares/Third_Party/FreeRTOS/Source/tasks.o
 .text.vTaskDelay
                0x000000000800b77c       0x68 Middlewares/Third_Party/FreeRTOS/Source/tasks.o
                0x000000000800b77c                vTaskDelay
 .text.vTaskStartScheduler
                0x000000000800b7e4       0xbc Middlewares/Third_Party/FreeRTOS/Source/tasks.o
                0x000000000800b7e4                vTaskStartScheduler
 .text.vTaskSuspendAll
                0x000000000800b8a0       0x1c Middlewares/Third_Party/FreeRTOS/Source/tasks.o
                0x000000000800b8a0                vTaskSuspendAll
 .text.xTaskResumeAll
                0x000000000800b8bc      0x138 Middlewares/Third_Party/FreeRTOS/Source/tasks.o
                0x000000000800b8bc                xTaskResumeAll
 .text.xTaskIncrementTick
                0x000000000800b9f4      0x170 Middlewares/Third_Party/FreeRTOS/Source/tasks.o
                0x000000000800b9f4                xTaskIncrementTick
 .text.vTaskSwitchContext
                0x000000000800bb64      0x100 Middlewares/Third_Party/FreeRTOS/Source/tasks.o
                0x000000000800bb64                vTaskSwitchContext
 .text.vTaskPlaceOnEventList
                0x000000000800bc64       0x48 Middlewares/Third_Party/FreeRTOS/Source/tasks.o
                0x000000000800bc64                vTaskPlaceOnEventList
 .text.xTaskRemoveFromEventList
                0x000000000800bcac       0xc4 Middlewares/Third_Party/FreeRTOS/Source/tasks.o
                0x000000000800bcac                xTaskRemoveFromEventList
 .text.vTaskInternalSetTimeOutState
                0x000000000800bd70       0x2c Middlewares/Third_Party/FreeRTOS/Source/tasks.o
                0x000000000800bd70                vTaskInternalSetTimeOutState
 .text.xTaskCheckForTimeOut
                0x000000000800bd9c       0xc0 Middlewares/Third_Party/FreeRTOS/Source/tasks.o
                0x000000000800bd9c                xTaskCheckForTimeOut
 .text.vTaskMissedYield
                0x000000000800be5c       0x18 Middlewares/Third_Party/FreeRTOS/Source/tasks.o
                0x000000000800be5c                vTaskMissedYield
 .text.prvIdleTask
                0x000000000800be74       0x34 Middlewares/Third_Party/FreeRTOS/Source/tasks.o
 .text.prvInitialiseTaskLists
                0x000000000800bea8       0x80 Middlewares/Third_Party/FreeRTOS/Source/tasks.o
 .text.prvCheckTasksWaitingTermination
                0x000000000800bf28       0x58 Middlewares/Third_Party/FreeRTOS/Source/tasks.o
 .text.prvDeleteTCB
                0x000000000800bf80       0x5c Middlewares/Third_Party/FreeRTOS/Source/tasks.o
 .text.prvResetNextTaskUnblockTime
                0x000000000800bfdc       0x40 Middlewares/Third_Party/FreeRTOS/Source/tasks.o
 .text.xTaskGetSchedulerState
                0x000000000800c01c       0x3c Middlewares/Third_Party/FreeRTOS/Source/tasks.o
                0x000000000800c01c                xTaskGetSchedulerState
 .text.xTaskPriorityDisinherit
                0x000000000800c058      0x108 Middlewares/Third_Party/FreeRTOS/Source/tasks.o
                0x000000000800c058                xTaskPriorityDisinherit
 .text.prvAddCurrentTaskToDelayedList
                0x000000000800c160       0xcc Middlewares/Third_Party/FreeRTOS/Source/tasks.o
 .text.pxPortInitialiseStack
                0x000000000800c22c       0x68 Middlewares/Third_Party/FreeRTOS/Source/portable/GCC/ARM_CM4F/port.o
                0x000000000800c22c                pxPortInitialiseStack
 .text.prvTaskExitError
                0x000000000800c294       0x54 Middlewares/Third_Party/FreeRTOS/Source/portable/GCC/ARM_CM4F/port.o
 *fill*         0x000000000800c2e8        0x8 
 .text.SVC_Handler
                0x000000000800c2f0       0x28 Middlewares/Third_Party/FreeRTOS/Source/portable/GCC/ARM_CM4F/port.o
                0x000000000800c2f0                SVC_Handler
 .text.prvPortStartFirstTask
                0x000000000800c318       0x28 Middlewares/Third_Party/FreeRTOS/Source/portable/GCC/ARM_CM4F/port.o
 .text.xPortStartScheduler
                0x000000000800c340      0x13c Middlewares/Third_Party/FreeRTOS/Source/portable/GCC/ARM_CM4F/port.o
                0x000000000800c340                xPortStartScheduler
 .text.vPortEnterCritical
                0x000000000800c47c       0x5c Middlewares/Third_Party/FreeRTOS/Source/portable/GCC/ARM_CM4F/port.o
                0x000000000800c47c                vPortEnterCritical
 .text.vPortExitCritical
                0x000000000800c4d8       0x50 Middlewares/Third_Party/FreeRTOS/Source/portable/GCC/ARM_CM4F/port.o
                0x000000000800c4d8                vPortExitCritical
 *fill*         0x000000000800c528        0x8 
 .text.PendSV_Handler
                0x000000000800c530       0x68 Middlewares/Third_Party/FreeRTOS/Source/portable/GCC/ARM_CM4F/port.o
                0x000000000800c530                PendSV_Handler
 .text.SysTick_Handler
                0x000000000800c598       0x40 Middlewares/Third_Party/FreeRTOS/Source/portable/GCC/ARM_CM4F/port.o
                0x000000000800c598                SysTick_Handler
 .text.vPortSetupTimerInterrupt
                0x000000000800c5d8       0x48 Middlewares/Third_Party/FreeRTOS/Source/portable/GCC/ARM_CM4F/port.o
                0x000000000800c5d8                vPortSetupTimerInterrupt
 .text.vPortEnableVFP
                0x000000000800c620       0x14 Middlewares/Third_Party/FreeRTOS/Source/portable/GCC/ARM_CM4F/port.o
 .text.vPortValidateInterruptPriority
                0x000000000800c634       0x7c Middlewares/Third_Party/FreeRTOS/Source/portable/GCC/ARM_CM4F/port.o
                0x000000000800c634                vPortValidateInterruptPriority
 .text.pvPortMalloc
                0x000000000800c6b0      0x18c Middlewares/Third_Party/FreeRTOS/Source/portable/MemMang/heap_4.o
                0x000000000800c6b0                pvPortMalloc
 .text.vPortFree
                0x000000000800c83c       0xb0 Middlewares/Third_Party/FreeRTOS/Source/portable/MemMang/heap_4.o
                0x000000000800c83c                vPortFree
 .text.prvHeapInit
                0x000000000800c8ec       0xc4 Middlewares/Third_Party/FreeRTOS/Source/portable/MemMang/heap_4.o
 .text.prvInsertBlockIntoFreeList
                0x000000000800c9b0       0xb4 Middlewares/Third_Party/FreeRTOS/Source/portable/MemMang/heap_4.o
 .text.MX_USB_HOST_Init
                0x000000000800ca64       0x4c USB_HOST/App/usb_host.o
                0x000000000800ca64                MX_USB_HOST_Init
 .text.USBH_UserProcess
                0x000000000800cab0       0x5c USB_HOST/App/usb_host.o
 .text.HAL_HCD_MspInit
                0x000000000800cb0c       0xbc USB_HOST/Target/usbh_conf.o
                0x000000000800cb0c                HAL_HCD_MspInit
 .text.HAL_HCD_SOF_Callback
                0x000000000800cbc8       0x1c USB_HOST/Target/usbh_conf.o
                0x000000000800cbc8                HAL_HCD_SOF_Callback
 .text.HAL_HCD_Connect_Callback
                0x000000000800cbe4       0x1c USB_HOST/Target/usbh_conf.o
                0x000000000800cbe4                HAL_HCD_Connect_Callback
 .text.HAL_HCD_Disconnect_Callback
                0x000000000800cc00       0x1c USB_HOST/Target/usbh_conf.o
                0x000000000800cc00                HAL_HCD_Disconnect_Callback
 .text.HAL_HCD_HC_NotifyURBChange_Callback
                0x000000000800cc1c       0x24 USB_HOST/Target/usbh_conf.o
                0x000000000800cc1c                HAL_HCD_HC_NotifyURBChange_Callback
 .text.HAL_HCD_PortEnabled_Callback
                0x000000000800cc40       0x1c USB_HOST/Target/usbh_conf.o
                0x000000000800cc40                HAL_HCD_PortEnabled_Callback
 .text.HAL_HCD_PortDisabled_Callback
                0x000000000800cc5c       0x1c USB_HOST/Target/usbh_conf.o
                0x000000000800cc5c                HAL_HCD_PortDisabled_Callback
 .text.USBH_LL_Init
                0x000000000800cc78       0x8c USB_HOST/Target/usbh_conf.o
                0x000000000800cc78                USBH_LL_Init
 .text.USBH_LL_Start
                0x000000000800cd04       0x36 USB_HOST/Target/usbh_conf.o
                0x000000000800cd04                USBH_LL_Start
 .text.USBH_LL_Stop
                0x000000000800cd3a       0x36 USB_HOST/Target/usbh_conf.o
                0x000000000800cd3a                USBH_LL_Stop
 .text.USBH_LL_GetSpeed
                0x000000000800cd70       0x4a USB_HOST/Target/usbh_conf.o
                0x000000000800cd70                USBH_LL_GetSpeed
 .text.USBH_LL_ResetPort
                0x000000000800cdba       0x36 USB_HOST/Target/usbh_conf.o
                0x000000000800cdba                USBH_LL_ResetPort
 .text.USBH_LL_GetLastXferSize
                0x000000000800cdf0       0x26 USB_HOST/Target/usbh_conf.o
                0x000000000800cdf0                USBH_LL_GetLastXferSize
 .text.USBH_LL_OpenPipe
                0x000000000800ce16       0x5e USB_HOST/Target/usbh_conf.o
                0x000000000800ce16                USBH_LL_OpenPipe
 .text.USBH_LL_ClosePipe
                0x000000000800ce74       0x3e USB_HOST/Target/usbh_conf.o
                0x000000000800ce74                USBH_LL_ClosePipe
 .text.USBH_LL_SubmitURB
                0x000000000800ceb2       0x62 USB_HOST/Target/usbh_conf.o
                0x000000000800ceb2                USBH_LL_SubmitURB
 .text.USBH_LL_GetURBState
                0x000000000800cf14       0x26 USB_HOST/Target/usbh_conf.o
                0x000000000800cf14                USBH_LL_GetURBState
 .text.USBH_LL_DriverVBUS
                0x000000000800cf3a       0x2e USB_HOST/Target/usbh_conf.o
                0x000000000800cf3a                USBH_LL_DriverVBUS
 .text.USBH_LL_SetToggle
                0x000000000800cf68       0x66 USB_HOST/Target/usbh_conf.o
                0x000000000800cf68                USBH_LL_SetToggle
 .text.USBH_Delay
                0x000000000800cfce       0x16 USB_HOST/Target/usbh_conf.o
                0x000000000800cfce                USBH_Delay
 .text.USBH_Get_USB_Status
                0x000000000800cfe4       0x58 USB_HOST/Target/usbh_conf.o
                0x000000000800cfe4                USBH_Get_USB_Status
 .text.MX_DriverVbusHS
                0x000000000800d03c       0x38 USB_HOST/Target/usbh_platform.o
                0x000000000800d03c                MX_DriverVbusHS
 .text.__errno  0x000000000800d074        0xc c:/st/stm32cubeide_1.4.0/stm32cubeide/plugins/com.st.stm32cube.ide.mcu.externaltools.gnu-tools-for-stm32.7-2018-q2-update.win32_1.4.0.202007081208/tools/bin/../lib/gcc/arm-none-eabi/7.3.1/../../../../arm-none-eabi/lib/thumb/v7e-m/fpv4-sp/hard\libc_nano.a(lib_a-errno.o)
                0x000000000800d074                __errno
 .text.__libc_init_array
                0x000000000800d080       0x48 c:/st/stm32cubeide_1.4.0/stm32cubeide/plugins/com.st.stm32cube.ide.mcu.externaltools.gnu-tools-for-stm32.7-2018-q2-update.win32_1.4.0.202007081208/tools/bin/../lib/gcc/arm-none-eabi/7.3.1/../../../../arm-none-eabi/lib/thumb/v7e-m/fpv4-sp/hard\libc_nano.a(lib_a-init.o)
                0x000000000800d080                __libc_init_array
 .text.malloc   0x000000000800d0c8       0x10 c:/st/stm32cubeide_1.4.0/stm32cubeide/plugins/com.st.stm32cube.ide.mcu.externaltools.gnu-tools-for-stm32.7-2018-q2-update.win32_1.4.0.202007081208/tools/bin/../lib/gcc/arm-none-eabi/7.3.1/../../../../arm-none-eabi/lib/thumb/v7e-m/fpv4-sp/hard\libc_nano.a(lib_a-malloc.o)
                0x000000000800d0c8                malloc
 .text.free     0x000000000800d0d8       0x10 c:/st/stm32cubeide_1.4.0/stm32cubeide/plugins/com.st.stm32cube.ide.mcu.externaltools.gnu-tools-for-stm32.7-2018-q2-update.win32_1.4.0.202007081208/tools/bin/../lib/gcc/arm-none-eabi/7.3.1/../../../../arm-none-eabi/lib/thumb/v7e-m/fpv4-sp/hard\libc_nano.a(lib_a-malloc.o)
                0x000000000800d0d8                free
 .text.memcpy   0x000000000800d0e8       0x16 c:/st/stm32cubeide_1.4.0/stm32cubeide/plugins/com.st.stm32cube.ide.mcu.externaltools.gnu-tools-for-stm32.7-2018-q2-update.win32_1.4.0.202007081208/tools/bin/../lib/gcc/arm-none-eabi/7.3.1/../../../../arm-none-eabi/lib/thumb/v7e-m/fpv4-sp/hard\libc_nano.a(lib_a-memcpy-stub.o)
                0x000000000800d0e8                memcpy
 .text.memset   0x000000000800d0fe       0x10 c:/st/stm32cubeide_1.4.0/stm32cubeide/plugins/com.st.stm32cube.ide.mcu.externaltools.gnu-tools-for-stm32.7-2018-q2-update.win32_1.4.0.202007081208/tools/bin/../lib/gcc/arm-none-eabi/7.3.1/../../../../arm-none-eabi/lib/thumb/v7e-m/fpv4-sp/hard\libc_nano.a(lib_a-memset.o)
                0x000000000800d0fe                memset
 *fill*         0x000000000800d10e        0x2 
 .text._free_r  0x000000000800d110       0x9c c:/st/stm32cubeide_1.4.0/stm32cubeide/plugins/com.st.stm32cube.ide.mcu.externaltools.gnu-tools-for-stm32.7-2018-q2-update.win32_1.4.0.202007081208/tools/bin/../lib/gcc/arm-none-eabi/7.3.1/../../../../arm-none-eabi/lib/thumb/v7e-m/fpv4-sp/hard\libc_nano.a(lib_a-nano-freer.o)
                0x000000000800d110                _free_r
 .text._malloc_r
                0x000000000800d1ac       0xb4 c:/st/stm32cubeide_1.4.0/stm32cubeide/plugins/com.st.stm32cube.ide.mcu.externaltools.gnu-tools-for-stm32.7-2018-q2-update.win32_1.4.0.202007081208/tools/bin/../lib/gcc/arm-none-eabi/7.3.1/../../../../arm-none-eabi/lib/thumb/v7e-m/fpv4-sp/hard\libc_nano.a(lib_a-nano-mallocr.o)
                0x000000000800d1ac                _malloc_r
 .text._sbrk_r  0x000000000800d260       0x20 c:/st/stm32cubeide_1.4.0/stm32cubeide/plugins/com.st.stm32cube.ide.mcu.externaltools.gnu-tools-for-stm32.7-2018-q2-update.win32_1.4.0.202007081208/tools/bin/../lib/gcc/arm-none-eabi/7.3.1/../../../../arm-none-eabi/lib/thumb/v7e-m/fpv4-sp/hard\libc_nano.a(lib_a-sbrkr.o)
                0x000000000800d260                _sbrk_r
 .text.__malloc_lock
                0x000000000800d280        0x2 c:/st/stm32cubeide_1.4.0/stm32cubeide/plugins/com.st.stm32cube.ide.mcu.externaltools.gnu-tools-for-stm32.7-2018-q2-update.win32_1.4.0.202007081208/tools/bin/../lib/gcc/arm-none-eabi/7.3.1/../../../../arm-none-eabi/lib/thumb/v7e-m/fpv4-sp/hard\libc_nano.a(lib_a-mlock.o)
                0x000000000800d280                __malloc_lock
 .text.__malloc_unlock
                0x000000000800d282        0x2 c:/st/stm32cubeide_1.4.0/stm32cubeide/plugins/com.st.stm32cube.ide.mcu.externaltools.gnu-tools-for-stm32.7-2018-q2-update.win32_1.4.0.202007081208/tools/bin/../lib/gcc/arm-none-eabi/7.3.1/../../../../arm-none-eabi/lib/thumb/v7e-m/fpv4-sp/hard\libc_nano.a(lib_a-mlock.o)
                0x000000000800d282                __malloc_unlock
 *(.glue_7)
 .glue_7        0x000000000800d284        0x0 linker stubs
 *(.glue_7t)
 .glue_7t       0x000000000800d284        0x0 linker stubs
 *(.eh_frame)
 .eh_frame      0x000000000800d284        0x0 c:/st/stm32cubeide_1.4.0/stm32cubeide/plugins/com.st.stm32cube.ide.mcu.externaltools.gnu-tools-for-stm32.7-2018-q2-update.win32_1.4.0.202007081208/tools/bin/../lib/gcc/arm-none-eabi/7.3.1/thumb/v7e-m/fpv4-sp/hard/crtbegin.o
 *(.init)
 .init          0x000000000800d284        0x4 c:/st/stm32cubeide_1.4.0/stm32cubeide/plugins/com.st.stm32cube.ide.mcu.externaltools.gnu-tools-for-stm32.7-2018-q2-update.win32_1.4.0.202007081208/tools/bin/../lib/gcc/arm-none-eabi/7.3.1/thumb/v7e-m/fpv4-sp/hard/crti.o
                0x000000000800d284                _init
 .init          0x000000000800d288        0x8 c:/st/stm32cubeide_1.4.0/stm32cubeide/plugins/com.st.stm32cube.ide.mcu.externaltools.gnu-tools-for-stm32.7-2018-q2-update.win32_1.4.0.202007081208/tools/bin/../lib/gcc/arm-none-eabi/7.3.1/thumb/v7e-m/fpv4-sp/hard/crtn.o
 *(.fini)
 .fini          0x000000000800d290        0x4 c:/st/stm32cubeide_1.4.0/stm32cubeide/plugins/com.st.stm32cube.ide.mcu.externaltools.gnu-tools-for-stm32.7-2018-q2-update.win32_1.4.0.202007081208/tools/bin/../lib/gcc/arm-none-eabi/7.3.1/thumb/v7e-m/fpv4-sp/hard/crti.o
                0x000000000800d290                _fini
 .fini          0x000000000800d294        0x8 c:/st/stm32cubeide_1.4.0/stm32cubeide/plugins/com.st.stm32cube.ide.mcu.externaltools.gnu-tools-for-stm32.7-2018-q2-update.win32_1.4.0.202007081208/tools/bin/../lib/gcc/arm-none-eabi/7.3.1/thumb/v7e-m/fpv4-sp/hard/crtn.o
                0x000000000800d29c                . = ALIGN (0x4)
                0x000000000800d29c                _etext = .

.vfp11_veneer   0x000000000800d29c        0x0
 .vfp11_veneer  0x000000000800d29c        0x0 linker stubs

.v4_bx          0x000000000800d29c        0x0
 .v4_bx         0x000000000800d29c        0x0 linker stubs

.iplt           0x000000000800d29c        0x0
 .iplt          0x000000000800d29c        0x0 c:/st/stm32cubeide_1.4.0/stm32cubeide/plugins/com.st.stm32cube.ide.mcu.externaltools.gnu-tools-for-stm32.7-2018-q2-update.win32_1.4.0.202007081208/tools/bin/../lib/gcc/arm-none-eabi/7.3.1/thumb/v7e-m/fpv4-sp/hard/crtbegin.o

.rodata         0x000000000800d29c       0x8c
                0x000000000800d29c                . = ALIGN (0x4)
 *(.rodata)
 .rodata        0x000000000800d29c       0x28 Core/Src/main.o
 .rodata        0x000000000800d2c4        0x4 Middlewares/ST/STM32_USB_Host_Library/Class/CDC/Src/usbh_cdc.o
 .rodata        0x000000000800d2c8       0x38 Middlewares/ST/STM32_USB_Host_Library/Core/Src/usbh_core.o
 .rodata        0x000000000800d300        0x5 Middlewares/Third_Party/FreeRTOS/Source/tasks.o
 *(.rodata*)
 *fill*         0x000000000800d305        0x3 
 .rodata.AHBPrescTable
                0x000000000800d308       0x10 Core/Src/system_stm32f4xx.o
                0x000000000800d308                AHBPrescTable
 .rodata.APBPrescTable
                0x000000000800d318        0x8 Core/Src/system_stm32f4xx.o
                0x000000000800d318                APBPrescTable
 .rodata.flagBitshiftOffset.9756
                0x000000000800d320        0x8 Drivers/STM32F4xx_HAL_Driver/Src/stm32f4xx_hal_dma.o
                0x000000000800d328                . = ALIGN (0x4)

.ARM.extab      0x000000000800d328        0x0
                0x000000000800d328                . = ALIGN (0x4)
 *(.ARM.extab* .gnu.linkonce.armextab.*)
                0x000000000800d328                . = ALIGN (0x4)

.ARM            0x000000000800d328        0x8
                0x000000000800d328                . = ALIGN (0x4)
                0x000000000800d328                __exidx_start = .
 *(.ARM.exidx*)
 .ARM.exidx     0x000000000800d328        0x8 c:/st/stm32cubeide_1.4.0/stm32cubeide/plugins/com.st.stm32cube.ide.mcu.externaltools.gnu-tools-for-stm32.7-2018-q2-update.win32_1.4.0.202007081208/tools/bin/../lib/gcc/arm-none-eabi/7.3.1/thumb/v7e-m/fpv4-sp/hard\libgcc.a(_udivmoddi4.o)
                0x000000000800d330                __exidx_end = .
                0x000000000800d330                . = ALIGN (0x4)

.rel.dyn        0x000000000800d330        0x0
 .rel.iplt      0x000000000800d330        0x0 c:/st/stm32cubeide_1.4.0/stm32cubeide/plugins/com.st.stm32cube.ide.mcu.externaltools.gnu-tools-for-stm32.7-2018-q2-update.win32_1.4.0.202007081208/tools/bin/../lib/gcc/arm-none-eabi/7.3.1/thumb/v7e-m/fpv4-sp/hard/crtbegin.o

.preinit_array  0x000000000800d330        0x0
                0x000000000800d330                . = ALIGN (0x4)
                0x000000000800d330                PROVIDE (__preinit_array_start = .)
 *(.preinit_array*)
                0x000000000800d330                PROVIDE (__preinit_array_end = .)
                0x000000000800d330                . = ALIGN (0x4)

.init_array     0x000000000800d330        0x4
                0x000000000800d330                . = ALIGN (0x4)
                0x000000000800d330                PROVIDE (__init_array_start = .)
 *(SORT_BY_NAME(.init_array.*))
 *(.init_array*)
 .init_array    0x000000000800d330        0x4 c:/st/stm32cubeide_1.4.0/stm32cubeide/plugins/com.st.stm32cube.ide.mcu.externaltools.gnu-tools-for-stm32.7-2018-q2-update.win32_1.4.0.202007081208/tools/bin/../lib/gcc/arm-none-eabi/7.3.1/thumb/v7e-m/fpv4-sp/hard/crtbegin.o
                0x000000000800d334                PROVIDE (__init_array_end = .)
                0x000000000800d334                . = ALIGN (0x4)

.fini_array     0x000000000800d334        0x4
                0x000000000800d334                . = ALIGN (0x4)
                [!provide]                        PROVIDE (__fini_array_start = .)
 *(SORT_BY_NAME(.fini_array.*))
 *(.fini_array*)
 .fini_array    0x000000000800d334        0x4 c:/st/stm32cubeide_1.4.0/stm32cubeide/plugins/com.st.stm32cube.ide.mcu.externaltools.gnu-tools-for-stm32.7-2018-q2-update.win32_1.4.0.202007081208/tools/bin/../lib/gcc/arm-none-eabi/7.3.1/thumb/v7e-m/fpv4-sp/hard/crtbegin.o
                [!provide]                        PROVIDE (__fini_array_end = .)
                0x000000000800d338                . = ALIGN (0x4)
                0x000000000800d338                _sidata = LOADADDR (.data)

.data           0x0000000020000000       0x94 load address 0x000000000800d338
                0x0000000020000000                . = ALIGN (0x4)
                0x0000000020000000                _sdata = .
 *(.data)
 *(.data*)
 .data.SystemCoreClock
                0x0000000020000000        0x4 Core/Src/system_stm32f4xx.o
                0x0000000020000000                SystemCoreClock
 .data.uwTickPrio
                0x0000000020000004        0x4 Drivers/STM32F4xx_HAL_Driver/Src/stm32f4xx_hal.o
                0x0000000020000004                uwTickPrio
 .data.uwTickFreq
                0x0000000020000008        0x1 Drivers/STM32F4xx_HAL_Driver/Src/stm32f4xx_hal.o
                0x0000000020000008                uwTickFreq
 *fill*         0x0000000020000009        0x3 
 .data.CDC_Class
                0x000000002000000c       0x20 Middlewares/ST/STM32_USB_Host_Library/Class/CDC/Src/usbh_cdc.o
                0x000000002000000c                CDC_Class
 .data.uxCriticalNesting
                0x000000002000002c        0x4 Middlewares/Third_Party/FreeRTOS/Source/portable/GCC/ARM_CM4F/port.o
 .data._impure_ptr
                0x0000000020000030        0x4 c:/st/stm32cubeide_1.4.0/stm32cubeide/plugins/com.st.stm32cube.ide.mcu.externaltools.gnu-tools-for-stm32.7-2018-q2-update.win32_1.4.0.202007081208/tools/bin/../lib/gcc/arm-none-eabi/7.3.1/../../../../arm-none-eabi/lib/thumb/v7e-m/fpv4-sp/hard\libc_nano.a(lib_a-impure.o)
                0x0000000020000030                _impure_ptr
 .data.impure_data
                0x0000000020000034       0x60 c:/st/stm32cubeide_1.4.0/stm32cubeide/plugins/com.st.stm32cube.ide.mcu.externaltools.gnu-tools-for-stm32.7-2018-q2-update.win32_1.4.0.202007081208/tools/bin/../lib/gcc/arm-none-eabi/7.3.1/../../../../arm-none-eabi/lib/thumb/v7e-m/fpv4-sp/hard\libc_nano.a(lib_a-impure.o)
                0x0000000020000094                . = ALIGN (0x4)
                0x0000000020000094                _edata = .

.igot.plt       0x0000000020000094        0x0 load address 0x000000000800d3cc
 .igot.plt      0x0000000020000094        0x0 c:/st/stm32cubeide_1.4.0/stm32cubeide/plugins/com.st.stm32cube.ide.mcu.externaltools.gnu-tools-for-stm32.7-2018-q2-update.win32_1.4.0.202007081208/tools/bin/../lib/gcc/arm-none-eabi/7.3.1/thumb/v7e-m/fpv4-sp/hard/crtbegin.o
                0x0000000020000094                . = ALIGN (0x4)

.bss            0x0000000020000094     0x8dd8 load address 0x000000000800d3cc
                0x0000000020000094                _sbss = .
                0x0000000020000094                __bss_start__ = _sbss
 *(.bss)
 .bss           0x0000000020000094       0x1c c:/st/stm32cubeide_1.4.0/stm32cubeide/plugins/com.st.stm32cube.ide.mcu.externaltools.gnu-tools-for-stm32.7-2018-q2-update.win32_1.4.0.202007081208/tools/bin/../lib/gcc/arm-none-eabi/7.3.1/thumb/v7e-m/fpv4-sp/hard/crtbegin.o
 *(.bss*)
 .bss.xIdleTaskTCBBuffer
                0x00000000200000b0       0x58 Core/Src/freertos.o
 .bss.xIdleStack
                0x0000000020000108      0x200 Core/Src/freertos.o
 .bss.FMC_Initialized
                0x0000000020000308        0x4 Core/Src/stm32f4xx_hal_msp.o
 .bss.__sbrk_heap_end
                0x000000002000030c        0x4 Core/Src/sysmem.o
 .bss.tmpreg.9912
                0x0000000020000310        0x4 Drivers/STM32F4xx_HAL_Driver/Src/stm32f4xx_ll_usb.o
 .bss.pxCurrentTCB
                0x0000000020000314        0x4 Middlewares/Third_Party/FreeRTOS/Source/tasks.o
                0x0000000020000314                pxCurrentTCB
 .bss.pxReadyTasksLists
                0x0000000020000318       0x8c Middlewares/Third_Party/FreeRTOS/Source/tasks.o
 .bss.xDelayedTaskList1
                0x00000000200003a4       0x14 Middlewares/Third_Party/FreeRTOS/Source/tasks.o
 .bss.xDelayedTaskList2
                0x00000000200003b8       0x14 Middlewares/Third_Party/FreeRTOS/Source/tasks.o
 .bss.pxDelayedTaskList
                0x00000000200003cc        0x4 Middlewares/Third_Party/FreeRTOS/Source/tasks.o
 .bss.pxOverflowDelayedTaskList
                0x00000000200003d0        0x4 Middlewares/Third_Party/FreeRTOS/Source/tasks.o
 .bss.xPendingReadyList
                0x00000000200003d4       0x14 Middlewares/Third_Party/FreeRTOS/Source/tasks.o
 .bss.xTasksWaitingTermination
                0x00000000200003e8       0x14 Middlewares/Third_Party/FreeRTOS/Source/tasks.o
 .bss.uxDeletedTasksWaitingCleanUp
                0x00000000200003fc        0x4 Middlewares/Third_Party/FreeRTOS/Source/tasks.o
 .bss.xSuspendedTaskList
                0x0000000020000400       0x14 Middlewares/Third_Party/FreeRTOS/Source/tasks.o
 .bss.uxCurrentNumberOfTasks
                0x0000000020000414        0x4 Middlewares/Third_Party/FreeRTOS/Source/tasks.o
 .bss.xTickCount
                0x0000000020000418        0x4 Middlewares/Third_Party/FreeRTOS/Source/tasks.o
 .bss.uxTopReadyPriority
                0x000000002000041c        0x4 Middlewares/Third_Party/FreeRTOS/Source/tasks.o
 .bss.xSchedulerRunning
                0x0000000020000420        0x4 Middlewares/Third_Party/FreeRTOS/Source/tasks.o
 .bss.uxPendedTicks
                0x0000000020000424        0x4 Middlewares/Third_Party/FreeRTOS/Source/tasks.o
 .bss.xYieldPending
                0x0000000020000428        0x4 Middlewares/Third_Party/FreeRTOS/Source/tasks.o
 .bss.xNumOfOverflows
                0x000000002000042c        0x4 Middlewares/Third_Party/FreeRTOS/Source/tasks.o
 .bss.uxTaskNumber
                0x0000000020000430        0x4 Middlewares/Third_Party/FreeRTOS/Source/tasks.o
 .bss.xNextTaskUnblockTime
                0x0000000020000434        0x4 Middlewares/Third_Party/FreeRTOS/Source/tasks.o
 .bss.xIdleTaskHandle
                0x0000000020000438        0x4 Middlewares/Third_Party/FreeRTOS/Source/tasks.o
 .bss.uxSchedulerSuspended
                0x000000002000043c        0x4 Middlewares/Third_Party/FreeRTOS/Source/tasks.o
 .bss.ucMaxSysCallPriority
                0x0000000020000440        0x1 Middlewares/Third_Party/FreeRTOS/Source/portable/GCC/ARM_CM4F/port.o
 *fill*         0x0000000020000441        0x3 
 .bss.ulMaxPRIGROUPValue
                0x0000000020000444        0x4 Middlewares/Third_Party/FreeRTOS/Source/portable/GCC/ARM_CM4F/port.o
 .bss.ucHeap    0x0000000020000448     0x8000 Middlewares/Third_Party/FreeRTOS/Source/portable/MemMang/heap_4.o
 .bss.xStart    0x0000000020008448        0x8 Middlewares/Third_Party/FreeRTOS/Source/portable/MemMang/heap_4.o
 .bss.pxEnd     0x0000000020008450        0x4 Middlewares/Third_Party/FreeRTOS/Source/portable/MemMang/heap_4.o
 .bss.xFreeBytesRemaining
                0x0000000020008454        0x4 Middlewares/Third_Party/FreeRTOS/Source/portable/MemMang/heap_4.o
 .bss.xMinimumEverFreeBytesRemaining
                0x0000000020008458        0x4 Middlewares/Third_Party/FreeRTOS/Source/portable/MemMang/heap_4.o
 .bss.xBlockAllocatedBit
                0x000000002000845c        0x4 Middlewares/Third_Party/FreeRTOS/Source/portable/MemMang/heap_4.o
 .bss.Appli_state
                0x0000000020008460        0x1 USB_HOST/App/usb_host.o
                0x0000000020008460                Appli_state
 *fill*         0x0000000020008461        0x3 
 .bss.__malloc_free_list
                0x0000000020008464        0x4 c:/st/stm32cubeide_1.4.0/stm32cubeide/plugins/com.st.stm32cube.ide.mcu.externaltools.gnu-tools-for-stm32.7-2018-q2-update.win32_1.4.0.202007081208/tools/bin/../lib/gcc/arm-none-eabi/7.3.1/../../../../arm-none-eabi/lib/thumb/v7e-m/fpv4-sp/hard\libc_nano.a(lib_a-nano-mallocr.o)
                0x0000000020008464                __malloc_free_list
 .bss.__malloc_sbrk_start
                0x0000000020008468        0x4 c:/st/stm32cubeide_1.4.0/stm32cubeide/plugins/com.st.stm32cube.ide.mcu.externaltools.gnu-tools-for-stm32.7-2018-q2-update.win32_1.4.0.202007081208/tools/bin/../lib/gcc/arm-none-eabi/7.3.1/../../../../arm-none-eabi/lib/thumb/v7e-m/fpv4-sp/hard\libc_nano.a(lib_a-nano-mallocr.o)
                0x0000000020008468                __malloc_sbrk_start
 *(COMMON)
 COMMON         0x000000002000846c      0x310 Core/Src/main.o
                0x000000002000846c                defaultTaskHandle
                0x0000000020008470                hi2c3
                0x00000000200084c4                hspi5
                0x000000002000851c                hcrc
                0x0000000020008524                hltdc
                0x00000000200085cc                hadc1
                0x0000000020008614                huart1
                0x0000000020008654                hdac
                0x0000000020008668                hdma_adc1
                0x00000000200086c8                htim1
                0x0000000020008708                hdma2d
                0x0000000020008748                hsdram1
 COMMON         0x000000002000877c       0x40 Core/Src/stm32f4xx_hal_timebase_tim.o
                0x000000002000877c                htim6
 COMMON         0x00000000200087bc        0x4 Drivers/STM32F4xx_HAL_Driver/Src/stm32f4xx_hal.o
                0x00000000200087bc                uwTick
 COMMON         0x00000000200087c0      0x3e4 USB_HOST/App/usb_host.o
                0x00000000200087c0                hUsbHostHS
 COMMON         0x0000000020008ba4      0x2c4 USB_HOST/Target/usbh_conf.o
                0x0000000020008ba4                hhcd_USB_OTG_HS
 COMMON         0x0000000020008e68        0x4 c:/st/stm32cubeide_1.4.0/stm32cubeide/plugins/com.st.stm32cube.ide.mcu.externaltools.gnu-tools-for-stm32.7-2018-q2-update.win32_1.4.0.202007081208/tools/bin/../lib/gcc/arm-none-eabi/7.3.1/../../../../arm-none-eabi/lib/thumb/v7e-m/fpv4-sp/hard\libc_nano.a(lib_a-reent.o)
                0x0000000020008e68                errno
                0x0000000020008e6c                . = ALIGN (0x4)
                0x0000000020008e6c                _ebss = .
                0x0000000020008e6c                __bss_end__ = _ebss

._user_heap_stack
                0x0000000020008e6c      0x604 load address 0x000000000800d3cc
                0x0000000020008e70                . = ALIGN (0x8)
 *fill*         0x0000000020008e6c        0x4 
                [!provide]                        PROVIDE (end = .)
                0x0000000020008e70                PROVIDE (_end = .)
                0x0000000020009070                . = (. + _Min_Heap_Size)
 *fill*         0x0000000020008e70      0x200 
                0x0000000020009470                . = (. + _Min_Stack_Size)
 *fill*         0x0000000020009070      0x400 
                0x0000000020009470                . = ALIGN (0x8)

/DISCARD/
 libc.a(*)
 libm.a(*)
 libgcc.a(*)

.ARM.attributes
                0x0000000000000000       0x30
 *(.ARM.attributes)
 .ARM.attributes
                0x0000000000000000       0x22 c:/st/stm32cubeide_1.4.0/stm32cubeide/plugins/com.st.stm32cube.ide.mcu.externaltools.gnu-tools-for-stm32.7-2018-q2-update.win32_1.4.0.202007081208/tools/bin/../lib/gcc/arm-none-eabi/7.3.1/thumb/v7e-m/fpv4-sp/hard/crti.o
 .ARM.attributes
                0x0000000000000022       0x34 c:/st/stm32cubeide_1.4.0/stm32cubeide/plugins/com.st.stm32cube.ide.mcu.externaltools.gnu-tools-for-stm32.7-2018-q2-update.win32_1.4.0.202007081208/tools/bin/../lib/gcc/arm-none-eabi/7.3.1/thumb/v7e-m/fpv4-sp/hard/crtbegin.o
 .ARM.attributes
                0x0000000000000056       0x39 Core/Src/freertos.o
 .ARM.attributes
                0x000000000000008f       0x39 Core/Src/main.o
 .ARM.attributes
                0x00000000000000c8       0x39 Core/Src/stm32f4xx_hal_msp.o
 .ARM.attributes
                0x0000000000000101       0x39 Core/Src/stm32f4xx_hal_timebase_tim.o
 .ARM.attributes
                0x000000000000013a       0x39 Core/Src/stm32f4xx_it.o
 .ARM.attributes
                0x0000000000000173       0x39 Core/Src/sysmem.o
 .ARM.attributes
                0x00000000000001ac       0x39 Core/Src/system_stm32f4xx.o
 .ARM.attributes
                0x00000000000001e5       0x21 Core/Startup/startup_stm32f429zitx.o
 .ARM.attributes
                0x0000000000000206       0x39 Drivers/STM32F4xx_HAL_Driver/Src/stm32f4xx_hal.o
 .ARM.attributes
                0x000000000000023f       0x39 Drivers/STM32F4xx_HAL_Driver/Src/stm32f4xx_hal_adc.o
 .ARM.attributes
                0x0000000000000278       0x39 Drivers/STM32F4xx_HAL_Driver/Src/stm32f4xx_hal_adc_ex.o
 .ARM.attributes
                0x00000000000002b1       0x39 Drivers/STM32F4xx_HAL_Driver/Src/stm32f4xx_hal_cortex.o
 .ARM.attributes
                0x00000000000002ea       0x39 Drivers/STM32F4xx_HAL_Driver/Src/stm32f4xx_hal_crc.o
 .ARM.attributes
                0x0000000000000323       0x39 Drivers/STM32F4xx_HAL_Driver/Src/stm32f4xx_hal_dac.o
 .ARM.attributes
                0x000000000000035c       0x39 Drivers/STM32F4xx_HAL_Driver/Src/stm32f4xx_hal_dac_ex.o
 .ARM.attributes
                0x0000000000000395       0x39 Drivers/STM32F4xx_HAL_Driver/Src/stm32f4xx_hal_dma.o
 .ARM.attributes
                0x00000000000003ce       0x39 Drivers/STM32F4xx_HAL_Driver/Src/stm32f4xx_hal_dma2d.o
 .ARM.attributes
                0x0000000000000407       0x39 Drivers/STM32F4xx_HAL_Driver/Src/stm32f4xx_hal_gpio.o
 .ARM.attributes
                0x0000000000000440       0x39 Drivers/STM32F4xx_HAL_Driver/Src/stm32f4xx_hal_hcd.o
 .ARM.attributes
                0x0000000000000479       0x39 Drivers/STM32F4xx_HAL_Driver/Src/stm32f4xx_hal_i2c.o
 .ARM.attributes
                0x00000000000004b2       0x39 Drivers/STM32F4xx_HAL_Driver/Src/stm32f4xx_hal_i2c_ex.o
 .ARM.attributes
                0x00000000000004eb       0x39 Drivers/STM32F4xx_HAL_Driver/Src/stm32f4xx_hal_ltdc.o
 .ARM.attributes
                0x0000000000000524       0x39 Drivers/STM32F4xx_HAL_Driver/Src/stm32f4xx_hal_rcc.o
 .ARM.attributes
                0x000000000000055d       0x39 Drivers/STM32F4xx_HAL_Driver/Src/stm32f4xx_hal_rcc_ex.o
 .ARM.attributes
                0x0000000000000596       0x39 Drivers/STM32F4xx_HAL_Driver/Src/stm32f4xx_hal_sdram.o
 .ARM.attributes
                0x00000000000005cf       0x39 Drivers/STM32F4xx_HAL_Driver/Src/stm32f4xx_hal_spi.o
 .ARM.attributes
                0x0000000000000608       0x39 Drivers/STM32F4xx_HAL_Driver/Src/stm32f4xx_hal_tim.o
 .ARM.attributes
                0x0000000000000641       0x39 Drivers/STM32F4xx_HAL_Driver/Src/stm32f4xx_hal_tim_ex.o
 .ARM.attributes
                0x000000000000067a       0x39 Drivers/STM32F4xx_HAL_Driver/Src/stm32f4xx_hal_uart.o
 .ARM.attributes
                0x00000000000006b3       0x39 Drivers/STM32F4xx_HAL_Driver/Src/stm32f4xx_ll_fmc.o
 .ARM.attributes
                0x00000000000006ec       0x39 Drivers/STM32F4xx_HAL_Driver/Src/stm32f4xx_ll_usb.o
 .ARM.attributes
                0x0000000000000725       0x39 Middlewares/ST/STM32_USB_Host_Library/Class/CDC/Src/usbh_cdc.o
 .ARM.attributes
                0x000000000000075e       0x39 Middlewares/ST/STM32_USB_Host_Library/Core/Src/usbh_core.o
 .ARM.attributes
                0x0000000000000797       0x39 Middlewares/ST/STM32_USB_Host_Library/Core/Src/usbh_ctlreq.o
 .ARM.attributes
                0x00000000000007d0       0x39 Middlewares/ST/STM32_USB_Host_Library/Core/Src/usbh_ioreq.o
 .ARM.attributes
                0x0000000000000809       0x39 Middlewares/ST/STM32_USB_Host_Library/Core/Src/usbh_pipes.o
 .ARM.attributes
                0x0000000000000842       0x39 Middlewares/Third_Party/FreeRTOS/Source/CMSIS_RTOS/cmsis_os.o
 .ARM.attributes
                0x000000000000087b       0x39 Middlewares/Third_Party/FreeRTOS/Source/list.o
 .ARM.attributes
                0x00000000000008b4       0x39 Middlewares/Third_Party/FreeRTOS/Source/queue.o
 .ARM.attributes
                0x00000000000008ed       0x39 Middlewares/Third_Party/FreeRTOS/Source/tasks.o
 .ARM.attributes
                0x0000000000000926       0x39 Middlewares/Third_Party/FreeRTOS/Source/portable/GCC/ARM_CM4F/port.o
 .ARM.attributes